------------------------------------------------------------
TimeQuest Timing Analyzer Summary
------------------------------------------------------------

Type  : Slow 1100mV 85C Model Setup 'pll_0|altera_pll_i|general[0].gpll~PLL_OUTPUT_COUNTER|divclk'
Slack : -31.008
TNS   : -31.008

Type  : Slow 1100mV 85C Model Setup 'altera_reserved_tck'
Slack : 7.925
TNS   : 0.000

Type  : Slow 1100mV 85C Model Setup 'pll|altera_pll_i|general[0].gpll~PLL_OUTPUT_COUNTER|divclk'
Slack : 9.324
TNS   : 0.000

Type  : Slow 1100mV 85C Model Setup 'pll|altera_pll_i|general[1].gpll~PLL_OUTPUT_COUNTER|divclk'
Slack : 61.286
TNS   : 0.000

Type  : Slow 1100mV 85C Model Setup 'pll|altera_pll_i|general[3].gpll~PLL_OUTPUT_COUNTER|divclk'
Slack : 77.836
TNS   : 0.000

Type  : Slow 1100mV 85C Model Hold 'pll|altera_pll_i|general[0].gpll~PLL_OUTPUT_COUNTER|divclk'
Slack : 0.143
TNS   : 0.000

Type  : Slow 1100mV 85C Model Hold 'pll_0|altera_pll_i|general[0].gpll~PLL_OUTPUT_COUNTER|divclk'
Slack : 0.189
TNS   : 0.000

Type  : Slow 1100mV 85C Model Hold 'pll|altera_pll_i|general[1].gpll~PLL_OUTPUT_COUNTER|divclk'
Slack : 0.235
TNS   : 0.000

Type  : Slow 1100mV 85C Model Hold 'pll|altera_pll_i|general[3].gpll~PLL_OUTPUT_COUNTER|divclk'
Slack : 0.270
TNS   : 0.000

Type  : Slow 1100mV 85C Model Hold 'altera_reserved_tck'
Slack : 0.364
TNS   : 0.000

Type  : Slow 1100mV 85C Model Recovery 'pll_0|altera_pll_i|general[0].gpll~PLL_OUTPUT_COUNTER|divclk'
Slack : 12.973
TNS   : 0.000

Type  : Slow 1100mV 85C Model Recovery 'altera_reserved_tck'
Slack : 14.214
TNS   : 0.000

Type  : Slow 1100mV 85C Model Recovery 'pll|altera_pll_i|general[0].gpll~PLL_OUTPUT_COUNTER|divclk'
Slack : 14.895
TNS   : 0.000

Type  : Slow 1100mV 85C Model Recovery 'pll|altera_pll_i|general[1].gpll~PLL_OUTPUT_COUNTER|divclk'
Slack : 63.670
TNS   : 0.000

Type  : Slow 1100mV 85C Model Recovery 'pll|altera_pll_i|general[3].gpll~PLL_OUTPUT_COUNTER|divclk'
Slack : 79.503
TNS   : 0.000

Type  : Slow 1100mV 85C Model Removal 'pll|altera_pll_i|general[0].gpll~PLL_OUTPUT_COUNTER|divclk'
Slack : 0.245
TNS   : 0.000

Type  : Slow 1100mV 85C Model Removal 'pll_0|altera_pll_i|general[0].gpll~PLL_OUTPUT_COUNTER|divclk'
Slack : 0.794
TNS   : 0.000

Type  : Slow 1100mV 85C Model Removal 'pll|altera_pll_i|general[1].gpll~PLL_OUTPUT_COUNTER|divclk'
Slack : 0.854
TNS   : 0.000

Type  : Slow 1100mV 85C Model Removal 'altera_reserved_tck'
Slack : 0.909
TNS   : 0.000

Type  : Slow 1100mV 85C Model Removal 'pll|altera_pll_i|general[3].gpll~PLL_OUTPUT_COUNTER|divclk'
Slack : 0.956
TNS   : 0.000

Type  : Slow 1100mV 85C Model Minimum Pulse Width 'pll|altera_pll_i|general[0].gpll~FRACTIONAL_PLL|vcoph[0]'
Slack : 0.833
TNS   : 0.000

Type  : Slow 1100mV 85C Model Minimum Pulse Width 'pll_0|altera_pll_i|general[0].gpll~FRACTIONAL_PLL|vcoph[0]'
Slack : 0.925
TNS   : 0.000

Type  : Slow 1100mV 85C Model Minimum Pulse Width 'pll_0|altera_pll_i|general[0].gpll~PLL_OUTPUT_COUNTER|divclk'
Slack : 8.542
TNS   : 0.000

Type  : Slow 1100mV 85C Model Minimum Pulse Width 'pll|altera_pll_i|general[0].gpll~PLL_OUTPUT_COUNTER|divclk'
Slack : 8.769
TNS   : 0.000

Type  : Slow 1100mV 85C Model Minimum Pulse Width 'ref_clk'
Slack : 9.670
TNS   : 0.000

Type  : Slow 1100mV 85C Model Minimum Pulse Width 'altera_reserved_tck'
Slack : 15.431
TNS   : 0.000

Type  : Slow 1100mV 85C Model Minimum Pulse Width 'pll|altera_pll_i|general[1].gpll~PLL_OUTPUT_COUNTER|divclk'
Slack : 32.632
TNS   : 0.000

Type  : Slow 1100mV 85C Model Minimum Pulse Width 'pll|altera_pll_i|general[3].gpll~PLL_OUTPUT_COUNTER|divclk'
Slack : 40.972
TNS   : 0.000

Type  : Slow 1100mV 0C Model Setup 'pll_0|altera_pll_i|general[0].gpll~PLL_OUTPUT_COUNTER|divclk'
Slack : -31.299
TNS   : -31.299

Type  : Slow 1100mV 0C Model Setup 'altera_reserved_tck'
Slack : 8.102
TNS   : 0.000

Type  : Slow 1100mV 0C Model Setup 'pll|altera_pll_i|general[0].gpll~PLL_OUTPUT_COUNTER|divclk'
Slack : 9.573
TNS   : 0.000

Type  : Slow 1100mV 0C Model Setup 'pll|altera_pll_i|general[1].gpll~PLL_OUTPUT_COUNTER|divclk'
Slack : 61.406
TNS   : 0.000

Type  : Slow 1100mV 0C Model Setup 'pll|altera_pll_i|general[3].gpll~PLL_OUTPUT_COUNTER|divclk'
Slack : 78.030
TNS   : 0.000

Type  : Slow 1100mV 0C Model Hold 'pll_0|altera_pll_i|general[0].gpll~PLL_OUTPUT_COUNTER|divclk'
Slack : 0.059
TNS   : 0.000

Type  : Slow 1100mV 0C Model Hold 'pll|altera_pll_i|general[0].gpll~PLL_OUTPUT_COUNTER|divclk'
Slack : 0.091
TNS   : 0.000

Type  : Slow 1100mV 0C Model Hold 'pll|altera_pll_i|general[1].gpll~PLL_OUTPUT_COUNTER|divclk'
Slack : 0.217
TNS   : 0.000

Type  : Slow 1100mV 0C Model Hold 'pll|altera_pll_i|general[3].gpll~PLL_OUTPUT_COUNTER|divclk'
Slack : 0.259
TNS   : 0.000

Type  : Slow 1100mV 0C Model Hold 'altera_reserved_tck'
Slack : 0.382
TNS   : 0.000

Type  : Slow 1100mV 0C Model Recovery 'pll_0|altera_pll_i|general[0].gpll~PLL_OUTPUT_COUNTER|divclk'
Slack : 13.220
TNS   : 0.000

Type  : Slow 1100mV 0C Model Recovery 'altera_reserved_tck'
Slack : 14.358
TNS   : 0.000

Type  : Slow 1100mV 0C Model Recovery 'pll|altera_pll_i|general[0].gpll~PLL_OUTPUT_COUNTER|divclk'
Slack : 15.117
TNS   : 0.000

Type  : Slow 1100mV 0C Model Recovery 'pll|altera_pll_i|general[1].gpll~PLL_OUTPUT_COUNTER|divclk'
Slack : 63.797
TNS   : 0.000

Type  : Slow 1100mV 0C Model Recovery 'pll|altera_pll_i|general[3].gpll~PLL_OUTPUT_COUNTER|divclk'
Slack : 79.626
TNS   : 0.000

Type  : Slow 1100mV 0C Model Removal 'pll|altera_pll_i|general[0].gpll~PLL_OUTPUT_COUNTER|divclk'
Slack : 0.181
TNS   : 0.000

Type  : Slow 1100mV 0C Model Removal 'pll_0|altera_pll_i|general[0].gpll~PLL_OUTPUT_COUNTER|divclk'
Slack : 0.694
TNS   : 0.000

Type  : Slow 1100mV 0C Model Removal 'pll|altera_pll_i|general[1].gpll~PLL_OUTPUT_COUNTER|divclk'
Slack : 0.802
TNS   : 0.000

Type  : Slow 1100mV 0C Model Removal 'altera_reserved_tck'
Slack : 0.857
TNS   : 0.000

Type  : Slow 1100mV 0C Model Removal 'pll|altera_pll_i|general[3].gpll~PLL_OUTPUT_COUNTER|divclk'
Slack : 0.895
TNS   : 0.000

Type  : Slow 1100mV 0C Model Minimum Pulse Width 'pll|altera_pll_i|general[0].gpll~FRACTIONAL_PLL|vcoph[0]'
Slack : 0.833
TNS   : 0.000

Type  : Slow 1100mV 0C Model Minimum Pulse Width 'pll_0|altera_pll_i|general[0].gpll~FRACTIONAL_PLL|vcoph[0]'
Slack : 0.925
TNS   : 0.000

Type  : Slow 1100mV 0C Model Minimum Pulse Width 'pll_0|altera_pll_i|general[0].gpll~PLL_OUTPUT_COUNTER|divclk'
Slack : 8.494
TNS   : 0.000

Type  : Slow 1100mV 0C Model Minimum Pulse Width 'pll|altera_pll_i|general[0].gpll~PLL_OUTPUT_COUNTER|divclk'
Slack : 8.753
TNS   : 0.000

Type  : Slow 1100mV 0C Model Minimum Pulse Width 'ref_clk'
Slack : 9.673
TNS   : 0.000

Type  : Slow 1100mV 0C Model Minimum Pulse Width 'altera_reserved_tck'
Slack : 15.397
TNS   : 0.000

Type  : Slow 1100mV 0C Model Minimum Pulse Width 'pll|altera_pll_i|general[1].gpll~PLL_OUTPUT_COUNTER|divclk'
Slack : 32.580
TNS   : 0.000

Type  : Slow 1100mV 0C Model Minimum Pulse Width 'pll|altera_pll_i|general[3].gpll~PLL_OUTPUT_COUNTER|divclk'
Slack : 40.917
TNS   : 0.000

Type  : Fast 1100mV 85C Model Setup 'pll_0|altera_pll_i|general[0].gpll~PLL_OUTPUT_COUNTER|divclk'
Slack : -9.534
TNS   : -9.534

Type  : Fast 1100mV 85C Model Setup 'altera_reserved_tck'
Slack : 11.769
TNS   : 0.000

Type  : Fast 1100mV 85C Model Setup 'pll|altera_pll_i|general[0].gpll~PLL_OUTPUT_COUNTER|divclk'
Slack : 13.401
TNS   : 0.000

Type  : Fast 1100mV 85C Model Setup 'pll|altera_pll_i|general[1].gpll~PLL_OUTPUT_COUNTER|divclk'
Slack : 63.290
TNS   : 0.000

Type  : Fast 1100mV 85C Model Setup 'pll|altera_pll_i|general[3].gpll~PLL_OUTPUT_COUNTER|divclk'
Slack : 79.485
TNS   : 0.000

Type  : Fast 1100mV 85C Model Hold 'pll|altera_pll_i|general[0].gpll~PLL_OUTPUT_COUNTER|divclk'
Slack : 0.081
TNS   : 0.000

Type  : Fast 1100mV 85C Model Hold 'pll_0|altera_pll_i|general[0].gpll~PLL_OUTPUT_COUNTER|divclk'
Slack : 0.130
TNS   : 0.000

Type  : Fast 1100mV 85C Model Hold 'pll|altera_pll_i|general[1].gpll~PLL_OUTPUT_COUNTER|divclk'
Slack : 0.142
TNS   : 0.000

Type  : Fast 1100mV 85C Model Hold 'pll|altera_pll_i|general[3].gpll~PLL_OUTPUT_COUNTER|divclk'
Slack : 0.160
TNS   : 0.000

Type  : Fast 1100mV 85C Model Hold 'altera_reserved_tck'
Slack : 0.178
TNS   : 0.000

Type  : Fast 1100mV 85C Model Recovery 'pll_0|altera_pll_i|general[0].gpll~PLL_OUTPUT_COUNTER|divclk'
Slack : 14.683
TNS   : 0.000

Type  : Fast 1100mV 85C Model Recovery 'altera_reserved_tck'
Slack : 15.585
TNS   : 0.000

Type  : Fast 1100mV 85C Model Recovery 'pll|altera_pll_i|general[0].gpll~PLL_OUTPUT_COUNTER|divclk'
Slack : 16.475
TNS   : 0.000

Type  : Fast 1100mV 85C Model Recovery 'pll|altera_pll_i|general[1].gpll~PLL_OUTPUT_COUNTER|divclk'
Slack : 64.678
TNS   : 0.000

Type  : Fast 1100mV 85C Model Recovery 'pll|altera_pll_i|general[3].gpll~PLL_OUTPUT_COUNTER|divclk'
Slack : 80.897
TNS   : 0.000

Type  : Fast 1100mV 85C Model Removal 'pll|altera_pll_i|general[0].gpll~PLL_OUTPUT_COUNTER|divclk'
Slack : 0.228
TNS   : 0.000

Type  : Fast 1100mV 85C Model Removal 'pll_0|altera_pll_i|general[0].gpll~PLL_OUTPUT_COUNTER|divclk'
Slack : 0.471
TNS   : 0.000

Type  : Fast 1100mV 85C Model Removal 'altera_reserved_tck'
Slack : 0.484
TNS   : 0.000

Type  : Fast 1100mV 85C Model Removal 'pll|altera_pll_i|general[1].gpll~PLL_OUTPUT_COUNTER|divclk'
Slack : 0.486
TNS   : 0.000

Type  : Fast 1100mV 85C Model Removal 'pll|altera_pll_i|general[3].gpll~PLL_OUTPUT_COUNTER|divclk'
Slack : 0.563
TNS   : 0.000

Type  : Fast 1100mV 85C Model Minimum Pulse Width 'pll|altera_pll_i|general[0].gpll~FRACTIONAL_PLL|vcoph[0]'
Slack : 0.833
TNS   : 0.000

Type  : Fast 1100mV 85C Model Minimum Pulse Width 'pll_0|altera_pll_i|general[0].gpll~FRACTIONAL_PLL|vcoph[0]'
Slack : 0.925
TNS   : 0.000

Type  : Fast 1100mV 85C Model Minimum Pulse Width 'pll_0|altera_pll_i|general[0].gpll~PLL_OUTPUT_COUNTER|divclk'
Slack : 8.801
TNS   : 0.000

Type  : Fast 1100mV 85C Model Minimum Pulse Width 'pll|altera_pll_i|general[0].gpll~PLL_OUTPUT_COUNTER|divclk'
Slack : 8.881
TNS   : 0.000

Type  : Fast 1100mV 85C Model Minimum Pulse Width 'ref_clk'
Slack : 9.336
TNS   : 0.000

Type  : Fast 1100mV 85C Model Minimum Pulse Width 'altera_reserved_tck'
Slack : 14.977
TNS   : 0.000

Type  : Fast 1100mV 85C Model Minimum Pulse Width 'pll|altera_pll_i|general[1].gpll~PLL_OUTPUT_COUNTER|divclk'
Slack : 32.885
TNS   : 0.000

Type  : Fast 1100mV 85C Model Minimum Pulse Width 'pll|altera_pll_i|general[3].gpll~PLL_OUTPUT_COUNTER|divclk'
Slack : 41.220
TNS   : 0.000

Type  : Fast 1100mV 0C Model Setup 'pll_0|altera_pll_i|general[0].gpll~PLL_OUTPUT_COUNTER|divclk'
Slack : -7.569
TNS   : -7.569

Type  : Fast 1100mV 0C Model Setup 'altera_reserved_tck'
Slack : 12.373
TNS   : 0.000

Type  : Fast 1100mV 0C Model Setup 'pll|altera_pll_i|general[0].gpll~PLL_OUTPUT_COUNTER|divclk'
Slack : 14.092
TNS   : 0.000

Type  : Fast 1100mV 0C Model Setup 'pll|altera_pll_i|general[1].gpll~PLL_OUTPUT_COUNTER|divclk'
Slack : 63.647
TNS   : 0.000

Type  : Fast 1100mV 0C Model Setup 'pll|altera_pll_i|general[3].gpll~PLL_OUTPUT_COUNTER|divclk'
Slack : 79.960
TNS   : 0.000

Type  : Fast 1100mV 0C Model Hold 'pll|altera_pll_i|general[0].gpll~PLL_OUTPUT_COUNTER|divclk'
Slack : 0.044
TNS   : 0.000

Type  : Fast 1100mV 0C Model Hold 'pll_0|altera_pll_i|general[0].gpll~PLL_OUTPUT_COUNTER|divclk'
Slack : 0.072
TNS   : 0.000

Type  : Fast 1100mV 0C Model Hold 'pll|altera_pll_i|general[1].gpll~PLL_OUTPUT_COUNTER|divclk'
Slack : 0.129
TNS   : 0.000

Type  : Fast 1100mV 0C Model Hold 'pll|altera_pll_i|general[3].gpll~PLL_OUTPUT_COUNTER|divclk'
Slack : 0.148
TNS   : 0.000

Type  : Fast 1100mV 0C Model Hold 'altera_reserved_tck'
Slack : 0.169
TNS   : 0.000

Type  : Fast 1100mV 0C Model Recovery 'pll_0|altera_pll_i|general[0].gpll~PLL_OUTPUT_COUNTER|divclk'
Slack : 15.148
TNS   : 0.000

Type  : Fast 1100mV 0C Model Recovery 'altera_reserved_tck'
Slack : 15.837
TNS   : 0.000

Type  : Fast 1100mV 0C Model Recovery 'pll|altera_pll_i|general[0].gpll~PLL_OUTPUT_COUNTER|divclk'
Slack : 16.905
TNS   : 0.000

Type  : Fast 1100mV 0C Model Recovery 'pll|altera_pll_i|general[1].gpll~PLL_OUTPUT_COUNTER|divclk'
Slack : 64.907
TNS   : 0.000

Type  : Fast 1100mV 0C Model Recovery 'pll|altera_pll_i|general[3].gpll~PLL_OUTPUT_COUNTER|divclk'
Slack : 81.140
TNS   : 0.000

Type  : Fast 1100mV 0C Model Removal 'pll|altera_pll_i|general[0].gpll~PLL_OUTPUT_COUNTER|divclk'
Slack : 0.163
TNS   : 0.000

Type  : Fast 1100mV 0C Model Removal 'pll_0|altera_pll_i|general[0].gpll~PLL_OUTPUT_COUNTER|divclk'
Slack : 0.427
TNS   : 0.000

Type  : Fast 1100mV 0C Model Removal 'altera_reserved_tck'
Slack : 0.437
TNS   : 0.000

Type  : Fast 1100mV 0C Model Removal 'pll|altera_pll_i|general[1].gpll~PLL_OUTPUT_COUNTER|divclk'
Slack : 0.437
TNS   : 0.000

Type  : Fast 1100mV 0C Model Removal 'pll|altera_pll_i|general[3].gpll~PLL_OUTPUT_COUNTER|divclk'
Slack : 0.494
TNS   : 0.000

Type  : Fast 1100mV 0C Model Minimum Pulse Width 'pll|altera_pll_i|general[0].gpll~FRACTIONAL_PLL|vcoph[0]'
Slack : 0.833
TNS   : 0.000

Type  : Fast 1100mV 0C Model Minimum Pulse Width 'pll_0|altera_pll_i|general[0].gpll~FRACTIONAL_PLL|vcoph[0]'
Slack : 0.925
TNS   : 0.000

Type  : Fast 1100mV 0C Model Minimum Pulse Width 'pll_0|altera_pll_i|general[0].gpll~PLL_OUTPUT_COUNTER|divclk'
Slack : 8.794
TNS   : 0.000

Type  : Fast 1100mV 0C Model Minimum Pulse Width 'pll|altera_pll_i|general[0].gpll~PLL_OUTPUT_COUNTER|divclk'
Slack : 8.885
TNS   : 0.000

Type  : Fast 1100mV 0C Model Minimum Pulse Width 'ref_clk'
Slack : 9.286
TNS   : 0.000

Type  : Fast 1100mV 0C Model Minimum Pulse Width 'altera_reserved_tck'
Slack : 14.915
TNS   : 0.000

Type  : Fast 1100mV 0C Model Minimum Pulse Width 'pll|altera_pll_i|general[1].gpll~PLL_OUTPUT_COUNTER|divclk'
Slack : 32.875
TNS   : 0.000

Type  : Fast 1100mV 0C Model Minimum Pulse Width 'pll|altera_pll_i|general[3].gpll~PLL_OUTPUT_COUNTER|divclk'
Slack : 41.208
TNS   : 0.000

------------------------------------------------------------
