Archive member included to satisfy reference by file (symbol)

c:/intelfpga/17.1/nios2eds/bin/gnu/h-x86_64-mingw32/bin/../lib/gcc/nios2-elf/5.3.0/../../../../../H-x86_64-mingw32/nios2-elf/lib\libc.a(lib_a-memcpy.o)
                              obj/default/graphics/gui.o (memcpy)
c:/intelfpga/17.1/nios2eds/bin/gnu/h-x86_64-mingw32/bin/../lib/gcc/nios2-elf/5.3.0/../../../../../H-x86_64-mingw32/nios2-elf/lib\libc.a(lib_a-printf.o)
                              obj/default/hello_world.o (printf)
c:/intelfpga/17.1/nios2eds/bin/gnu/h-x86_64-mingw32/bin/../lib/gcc/nios2-elf/5.3.0/../../../../../H-x86_64-mingw32/nios2-elf/lib\libc.a(lib_a-puts.o)
                              obj/default/hello_world.o (puts)
c:/intelfpga/17.1/nios2eds/bin/gnu/h-x86_64-mingw32/bin/../lib/gcc/nios2-elf/5.3.0/../../../../../H-x86_64-mingw32/nios2-elf/lib\libc.a(lib_a-strlen.o)
                              obj/default/graphics/simple_text.o (strlen)
c:/intelfpga/17.1/nios2eds/bin/gnu/h-x86_64-mingw32/bin/../lib/gcc/nios2-elf/5.3.0/../../../../../H-x86_64-mingw32/nios2-elf/lib\libc.a(lib_a-vfprintf.o)
                              c:/intelfpga/17.1/nios2eds/bin/gnu/h-x86_64-mingw32/bin/../lib/gcc/nios2-elf/5.3.0/../../../../../H-x86_64-mingw32/nios2-elf/lib\libc.a(lib_a-printf.o) (___vfprintf_internal_r)
c:/intelfpga/17.1/nios2eds/bin/gnu/h-x86_64-mingw32/bin/../lib/gcc/nios2-elf/5.3.0/../../../../../H-x86_64-mingw32/nios2-elf/lib\libc.a(lib_a-wsetup.o)
                              c:/intelfpga/17.1/nios2eds/bin/gnu/h-x86_64-mingw32/bin/../lib/gcc/nios2-elf/5.3.0/../../../../../H-x86_64-mingw32/nios2-elf/lib\libc.a(lib_a-vfprintf.o) (__swsetup_r)
c:/intelfpga/17.1/nios2eds/bin/gnu/h-x86_64-mingw32/bin/../lib/gcc/nios2-elf/5.3.0/../../../../../H-x86_64-mingw32/nios2-elf/lib\libc.a(lib_a-dtoa.o)
                              c:/intelfpga/17.1/nios2eds/bin/gnu/h-x86_64-mingw32/bin/../lib/gcc/nios2-elf/5.3.0/../../../../../H-x86_64-mingw32/nios2-elf/lib\libc.a(lib_a-vfprintf.o) (_dtoa_r)
c:/intelfpga/17.1/nios2eds/bin/gnu/h-x86_64-mingw32/bin/../lib/gcc/nios2-elf/5.3.0/../../../../../H-x86_64-mingw32/nios2-elf/lib\libc.a(lib_a-fflush.o)
                              c:/intelfpga/17.1/nios2eds/bin/gnu/h-x86_64-mingw32/bin/../lib/gcc/nios2-elf/5.3.0/../../../../../H-x86_64-mingw32/nios2-elf/lib\libc.a(lib_a-vfprintf.o) (_fflush_r)
c:/intelfpga/17.1/nios2eds/bin/gnu/h-x86_64-mingw32/bin/../lib/gcc/nios2-elf/5.3.0/../../../../../H-x86_64-mingw32/nios2-elf/lib\libc.a(lib_a-findfp.o)
                              c:/intelfpga/17.1/nios2eds/bin/gnu/h-x86_64-mingw32/bin/../lib/gcc/nios2-elf/5.3.0/../../../../../H-x86_64-mingw32/nios2-elf/lib\libc.a(lib_a-puts.o) (__sinit)
c:/intelfpga/17.1/nios2eds/bin/gnu/h-x86_64-mingw32/bin/../lib/gcc/nios2-elf/5.3.0/../../../../../H-x86_64-mingw32/nios2-elf/lib\libc.a(lib_a-freer.o)
                              c:/intelfpga/17.1/nios2eds/bin/gnu/h-x86_64-mingw32/bin/../lib/gcc/nios2-elf/5.3.0/../../../../../H-x86_64-mingw32/nios2-elf/lib\libc.a(lib_a-wsetup.o) (_free_r)
c:/intelfpga/17.1/nios2eds/bin/gnu/h-x86_64-mingw32/bin/../lib/gcc/nios2-elf/5.3.0/../../../../../H-x86_64-mingw32/nios2-elf/lib\libc.a(lib_a-fvwrite.o)
                              c:/intelfpga/17.1/nios2eds/bin/gnu/h-x86_64-mingw32/bin/../lib/gcc/nios2-elf/5.3.0/../../../../../H-x86_64-mingw32/nios2-elf/lib\libc.a(lib_a-puts.o) (__sfvwrite_r)
c:/intelfpga/17.1/nios2eds/bin/gnu/h-x86_64-mingw32/bin/../lib/gcc/nios2-elf/5.3.0/../../../../../H-x86_64-mingw32/nios2-elf/lib\libc.a(lib_a-fwalk.o)
                              c:/intelfpga/17.1/nios2eds/bin/gnu/h-x86_64-mingw32/bin/../lib/gcc/nios2-elf/5.3.0/../../../../../H-x86_64-mingw32/nios2-elf/lib\libc.a(lib_a-findfp.o) (_fwalk)
c:/intelfpga/17.1/nios2eds/bin/gnu/h-x86_64-mingw32/bin/../lib/gcc/nios2-elf/5.3.0/../../../../../H-x86_64-mingw32/nios2-elf/lib\libc.a(lib_a-impure.o)
                              c:/intelfpga/17.1/nios2eds/bin/gnu/h-x86_64-mingw32/bin/../lib/gcc/nios2-elf/5.3.0/../../../../../H-x86_64-mingw32/nios2-elf/lib\libc.a(lib_a-fflush.o) (_global_impure_ptr)
c:/intelfpga/17.1/nios2eds/bin/gnu/h-x86_64-mingw32/bin/../lib/gcc/nios2-elf/5.3.0/../../../../../H-x86_64-mingw32/nios2-elf/lib\libc.a(lib_a-locale.o)
                              c:/intelfpga/17.1/nios2eds/bin/gnu/h-x86_64-mingw32/bin/../lib/gcc/nios2-elf/5.3.0/../../../../../H-x86_64-mingw32/nios2-elf/lib\libc.a(lib_a-vfprintf.o) (_localeconv_r)
c:/intelfpga/17.1/nios2eds/bin/gnu/h-x86_64-mingw32/bin/../lib/gcc/nios2-elf/5.3.0/../../../../../H-x86_64-mingw32/nios2-elf/lib\libc.a(lib_a-makebuf.o)
                              c:/intelfpga/17.1/nios2eds/bin/gnu/h-x86_64-mingw32/bin/../lib/gcc/nios2-elf/5.3.0/../../../../../H-x86_64-mingw32/nios2-elf/lib\libc.a(lib_a-wsetup.o) (__smakebuf_r)
c:/intelfpga/17.1/nios2eds/bin/gnu/h-x86_64-mingw32/bin/../lib/gcc/nios2-elf/5.3.0/../../../../../H-x86_64-mingw32/nios2-elf/lib\libc.a(lib_a-mallocr.o)
[...]
Memory Configuration

Name             Origin             Length             Attributes
reset            0x0000000004000000 0x0000000000000020
dram_ctrl        0x0000000004000020 0x0000000003ffffe0
*default*        0x0000000000000000 0xffffffffffffffff

Linker script and memory map

LOAD ../Software_LCD_Touch_bsp//obj/HAL/src/crt0.o
LOAD obj/default/audio/audio.o
LOAD obj/default/graphics/bahnschriftCondensed_22.o
LOAD obj/default/graphics/gui.o
LOAD obj/default/graphics/simple_text.o
LOAD obj/default/hello_world.o
LOAD obj/default/touch/touch_isr.o
LOAD c:/intelfpga/17.1/nios2eds/bin/gnu/h-x86_64-mingw32/bin/../lib/gcc/nios2-elf/5.3.0/../../../../../H-x86_64-mingw32/nios2-elf/lib\libstdc++.a
LOAD c:/intelfpga/17.1/nios2eds/bin/gnu/h-x86_64-mingw32/bin/../lib/gcc/nios2-elf/5.3.0/../../../../../H-x86_64-mingw32/nios2-elf/lib\libm.a
LOAD c:/intelfpga/17.1/nios2eds/bin/gnu/h-x86_64-mingw32/bin/../lib/gcc/nios2-elf/5.3.0\libgcc.a
START GROUP
LOAD c:/intelfpga/17.1/nios2eds/bin/gnu/h-x86_64-mingw32/bin/../lib/gcc/nios2-elf/5.3.0/../../../../../H-x86_64-mingw32/nios2-elf/lib\libc.a
LOAD c:/intelfpga/17.1/nios2eds/bin/gnu/h-x86_64-mingw32/bin/../lib/gcc/nios2-elf/5.3.0\libgcc.a
LOAD ../Software_LCD_Touch_bsp/\libhal_bsp.a
LOAD c:/intelfpga/17.1/nios2eds/bin/gnu/h-x86_64-mingw32/bin/../lib/gcc/nios2-elf/5.3.0/../../../../../H-x86_64-mingw32/nios2-elf/lib\libm.a
END GROUP
LOAD c:/intelfpga/17.1/nios2eds/bin/gnu/h-x86_64-mingw32/bin/../lib/gcc/nios2-elf/5.3.0\libgcc.a
                0x0000000004000000                __alt_mem_dram_ctrl = 0x4000000

.entry          0x0000000004000000       0x20
 *(.entry)
 .entry         0x0000000004000000       0x20 ../Software_LCD_Touch_bsp//obj/HAL/src/crt0.o
                0x0000000004000000                __reset

.exceptions     0x0000000004000020      0x224
                0x0000000004000020                PROVIDE (__ram_exceptions_start, ABSOLUTE (.))
                0x0000000004000020                . = ALIGN (0x20)
 *(.irq)
 *(.exceptions.entry.label)
 .exceptions.entry.label
                0x0000000004000020        0x0 ../Software_LCD_Touch_bsp/\libhal_bsp.a(alt_irq_entry.o)
                0x0000000004000020                alt_irq_entry
 .exceptions.entry.label
                0x0000000004000020        0x0 ../Software_LCD_Touch_bsp/\libhal_bsp.a(alt_exception_entry.o)
                0x0000000004000020                alt_exception
 *(.exceptions.entry.user)
 *(.exceptions.entry.ecc_fatal)
 *(.exceptions.entry)
 .exceptions.entry
                0x0000000004000020       0x54 ../Software_LCD_Touch_bsp/\libhal_bsp.a(alt_exception_entry.o)
 *(.exceptions.irqtest.user)
 *(.exceptions.irqtest)
 .exceptions.irqtest
                0x0000000004000074       0x10 ../Software_LCD_Touch_bsp/\libhal_bsp.a(alt_irq_entry.o)
 *(.exceptions.irqhandler.user)
 *(.exceptions.irqhandler)
 .exceptions.irqhandler
                0x0000000004000084        0x4 ../Software_LCD_Touch_bsp/\libhal_bsp.a(alt_irq_entry.o)
 *(.exceptions.irqreturn.user)
 *(.exceptions.irqreturn)
 .exceptions.irqreturn
                0x0000000004000088        0x4 ../Software_LCD_Touch_bsp/\libhal_bsp.a(alt_irq_entry.o)
 *(.exceptions.notirq.label)
 .exceptions.notirq.label
                0x000000000400008c        0x0 ../Software_LCD_Touch_bsp/\libhal_bsp.a(alt_irq_entry.o)
 *(.exceptions.notirq.user)
 *(.exceptions.notirq)
 .exceptions.notirq
                0x000000000400008c        0x8 ../Software_LCD_Touch_bsp/\libhal_bsp.a(alt_exception_entry.o)
 *(.exceptions.soft.user)
 *(.exceptions.soft)
 *(.exceptions.unknown.user)
 *(.exceptions.unknown)
 .exceptions.unknown
                0x0000000004000094       0x14 ../Software_LCD_Touch_bsp/\libhal_bsp.a(alt_exception_entry.o)
 *(.exceptions.exit.label)
 .exceptions.exit.label
                0x00000000040000a8        0x0 ../Software_LCD_Touch_bsp/\libhal_bsp.a(alt_irq_entry.o)
 .exceptions.exit.label
                0x00000000040000a8        0x0 ../Software_LCD_Touch_bsp/\libhal_bsp.a(alt_exception_entry.o)
 *(.exceptions.exit.user)
 *(.exceptions.exit)
 .exceptions.exit
                0x00000000040000a8       0x54 ../Software_LCD_Touch_bsp/\libhal_bsp.a(alt_exception_entry.o)
 *(.exceptions)
 .exceptions    0x00000000040000fc       0xd4 ../Software_LCD_Touch_bsp/\libhal_bsp.a(alt_irq_handler.o)
                0x00000000040000fc                alt_irq_handler
 .exceptions    0x00000000040001d0       0x74 ../Software_LCD_Touch_bsp/\libhal_bsp.a(alt_instruction_exception_entry.o)
                0x00000000040001d0                alt_instruction_exception_entry
                0x0000000004000244                PROVIDE (__ram_exceptions_end, ABSOLUTE (.))
                0x0000000004000020                PROVIDE (__flash_exceptions_start, LOADADDR (.exceptions))

.text           0x0000000004000244    0x1291c
                [!provide]                        PROVIDE (stext, ABSOLUTE (.))
 *(.interp)
 *(.hash)
 *(.dynsym)
 *(.dynstr)
 *(.gnu.version)
 *(.gnu.version_d)
 *(.gnu.version_r)
 *(.rel.init)
 *(.rela.init)
 *(.rel.text .rel.text.* .rel.gnu.linkonce.t.*)
 *(.rela.text .rela.text.* .rela.gnu.linkonce.t.*)
 *(.rel.fini)
 *(.rela.fini)
 *(.rel.rodata .rel.rodata.* .rel.gnu.linkonce.r.*)
 *(.rela.rodata .rela.rodata.* .rela.gnu.linkonce.r.*)
 *(.rel.data .rel.data.* .rel.gnu.linkonce.d.*)
 *(.rela.data .rela.data.* .rela.gnu.linkonce.d.*)
 *(.rel.tdata .rel.tdata.* .rel.gnu.linkonce.td.*)
 *(.rela.tdata .rela.tdata.* .rela.gnu.linkonce.td.*)
 *(.rel.tbss .rel.tbss.* .rel.gnu.linkonce.tb.*)
 *(.rela.tbss .rela.tbss.* .rela.gnu.linkonce.tb.*)
 *(.rel.ctors)
 *(.rela.ctors)
 *(.rel.dtors)
 *(.rela.dtors)
 *(.rel.got)
 *(.rela.got)
 *(.rel.sdata .rel.sdata.* .rel.gnu.linkonce.s.*)
 *(.rela.sdata .rela.sdata.* .rela.gnu.linkonce.s.*)
 *(.rel.sbss .rel.sbss.* .rel.gnu.linkonce.sb.*)
 *(.rela.sbss .rela.sbss.* .rela.gnu.linkonce.sb.*)
 *(.rel.sdata2 .rel.sdata2.* .rel.gnu.linkonce.s2.*)
 *(.rela.sdata2 .rela.sdata2.* .rela.gnu.linkonce.s2.*)
 *(.rel.sbss2 .rel.sbss2.* .rel.gnu.linkonce.sb2.*)
 *(.rela.sbss2 .rela.sbss2.* .rela.gnu.linkonce.sb2.*)
 *(.rel.bss .rel.bss.* .rel.gnu.linkonce.b.*)
 *(.rela.bss .rela.bss.* .rela.gnu.linkonce.b.*)
 *(.rel.plt)
 *(.rela.plt)
 *(.rel.dyn)
 *(.init)
 *(.plt)
 *(.text .stub .text.* .gnu.linkonce.t.*)
 .text          0x0000000004000244       0x4c ../Software_LCD_Touch_bsp//obj/HAL/src/crt0.o
                0x0000000004000244                _start
 .text          0x0000000004000290      0x1a8 obj/default/audio/audio.o
                0x0000000004000290                codec_wm8731_init
                0x00000000040003a4                set_vol_test
 .text          0x0000000004000438        0x0 obj/default/graphics/bahnschriftCondensed_22.o
 .text          0x0000000004000438      0xc84 obj/default/graphics/gui.o
                0x0000000004000438                draw_main_screen
                0x0000000004000544                draw_calibrating_screen
                0x00000000040005cc                draw_calibrating_screen_done
                0x00000000040006a0                draw_volume_screen
                0x00000000040007dc                draw_update_volume_bar
                0x0000000004000884                draw_help_screen
                0x0000000004000990                draw_glissando_on_off
                0x0000000004000a68                draw_glissando_set
                0x0000000004000bc0                draw_update_glissando_delay
                0x0000000004000c68                draw_penta_on_off
                0x0000000004000d40                draw_display_ton
                0x0000000004000e00                draw_display_ton_update
 .text          0x00000000040010bc      0x3fc obj/default/graphics/simple_text.o
                0x00000000040010bc                vid_print_string
                0x0000000004001200                get_string_width
                0x00000000040012c8                vid_print_char
 .text          0x00000000040014b8      0x74c obj/default/hello_world.o
                0x00000000040014b8                alarm_callback
                0x000000000400152c                alarm_callback_vol
                0x0000000004001580                main
 .text          0x0000000004001c04      0x39c obj/default/touch/touch_isr.o
                0x0000000004001c04                touch_isr
                0x0000000004001f14                touch_init
                0x0000000004001f7c                get_xy
 .text          0x0000000004001fa0        0x0 c:/intelfpga/17.1/nios2eds/bin/gnu/h-x86_64-mingw32/bin/../lib/gcc/nios2-elf/5.3.0/../../../../../H-x86_64-mingw32/nios2-elf/lib\libc.a(lib_a-memcpy.o)
 .text.memcpy   0x0000000004001fa0      0x148 c:/intelfpga/17.1/nios2eds/bin/gnu/h-x86_64-mingw32/bin/../lib/gcc/nios2-elf/5.3.0/../../../../../H-x86_64-mingw32/nios2-elf/lib\libc.a(lib_a-memcpy.o)
                0x0000000004001fa0                memcpy
 .text          0x00000000040020e8        0x0 c:/intelfpga/17.1/nios2eds/bin/gnu/h-x86_64-mingw32/bin/../lib/gcc/nios2-elf/5.3.0/../../../../../H-x86_64-mingw32/nios2-elf/lib\libc.a(lib_a-printf.o)
 .text._printf_r
                0x00000000040020e8       0x30 c:/intelfpga/17.1/nios2eds/bin/gnu/h-x86_64-mingw32/bin/../lib/gcc/nios2-elf/5.3.0/../../../../../H-x86_64-mingw32/nios2-elf/lib\libc.a(lib_a-printf.o)
                0x00000000040020e8                _printf_r
 .text.printf   0x0000000004002118       0x3c c:/intelfpga/17.1/nios2eds/bin/gnu/h-x86_64-mingw32/bin/../lib/gcc/nios2-elf/5.3.0/../../../../../H-x86_64-mingw32/nios2-elf/lib\libc.a(lib_a-printf.o)
                0x0000000004002118                printf
 .text          0x0000000004002154        0x0 c:/intelfpga/17.1/nios2eds/bin/gnu/h-x86_64-mingw32/bin/../lib/gcc/nios2-elf/5.3.0/../../../../../H-x86_64-mingw32/nios2-elf/lib\libc.a(lib_a-puts.o)
 .text._puts_r  0x0000000004002154       0xc0 c:/intelfpga/17.1/nios2eds/bin/gnu/h-x86_64-mingw32/bin/../lib/gcc/nios2-elf/5.3.0/../../../../../H-x86_64-mingw32/nios2-elf/lib\libc.a(lib_a-puts.o)
                0x0000000004002154                _puts_r
 .text.puts     0x0000000004002214       0x14 c:/intelfpga/17.1/nios2eds/bin/gnu/h-x86_64-mingw32/bin/../lib/gcc/nios2-elf/5.3.0/../../../../../H-x86_64-mingw32/nios2-elf/lib\libc.a(lib_a-puts.o)
                0x0000000004002214                puts
 .text          0x0000000004002228        0x0 c:/intelfpga/17.1/nios2eds/bin/gnu/h-x86_64-mingw32/bin/../lib/gcc/nios2-elf/5.3.0/../../../../../H-x86_64-mingw32/nios2-elf/lib\libc.a(lib_a-strlen.o)
 .text.strlen   0x0000000004002228       0x98 c:/intelfpga/17.1/nios2eds/bin/gnu/h-x86_64-mingw32/bin/../lib/gcc/nios2-elf/5.3.0/../../../../../H-x86_64-mingw32/nios2-elf/lib\libc.a(lib_a-strlen.o)
                0x0000000004002228                strlen
 .text          0x00000000040022c0        0x0 c:/intelfpga/17.1/nios2eds/bin/gnu/h-x86_64-mingw32/bin/../lib/gcc/nios2-elf/5.3.0/../../../../../H-x86_64-mingw32/nios2-elf/lib\libc.a(lib_a-vfprintf.o)
 .text.___vfprintf_internal_r
                0x00000000040022c0     0x21f8 c:/intelfpga/17.1/nios2eds/bin/gnu/h-x86_64-mingw32/bin/../lib/gcc/nios2-elf/5.3.0/../../../../../H-x86_64-mingw32/nios2-elf/lib\libc.a(lib_a-vfprintf.o)
                0x00000000040022c0                ___vfprintf_internal_r
 .text.__vfprintf_internal
                0x00000000040044b8       0x1c c:/intelfpga/17.1/nios2eds/bin/gnu/h-x86_64-mingw32/bin/../lib/gcc/nios2-elf/5.3.0/../../../../../H-x86_64-mingw32/nios2-elf/lib\libc.a(lib_a-vfprintf.o)
                0x00000000040044b8                __vfprintf_internal
 .text.__sbprintf
                0x00000000040044d4       0xbc c:/intelfpga/17.1/nios2eds/bin/gnu/h-x86_64-mingw32/bin/../lib/gcc/nios2-elf/5.3.0/../../../../../H-x86_64-mingw32/nios2-elf/lib\libc.a(lib_a-vfprintf.o)
 .text          0x0000000004004590        0x0 c:/intelfpga/17.1/nios2eds/bin/gnu/h-x86_64-mingw32/bin/../lib/gcc/nios2-elf/5.3.0/../../../../../H-x86_64-mingw32/nios2-elf/lib\libc.a(lib_a-wsetup.o)
 .text.__swsetup_r
                0x0000000004004590      0x154 c:/intelfpga/17.1/nios2eds/bin/gnu/h-x86_64-mingw32/bin/../lib/gcc/nios2-elf/5.3.0/../../../../../H-x86_64-mingw32/nios2-elf/lib\libc.a(lib_a-wsetup.o)
                0x0000000004004590                __swsetup_r
 .text          0x00000000040046e4        0x0 c:/intelfpga/17.1/nios2eds/bin/gnu/h-x86_64-mingw32/bin/../lib/gcc/nios2-elf/5.3.0/../../../../../H-x86_64-mingw32/nios2-elf/lib\libc.a(lib_a-dtoa.o)
 .text.quorem   0x00000000040046e4      0x200 c:/intelfpga/17.1/nios2eds/bin/gnu/h-x86_64-mingw32/bin/../lib/gcc/nios2-elf/5.3.0/../../../../../H-x86_64-mingw32/nios2-elf/lib\libc.a(lib_a-dtoa.o)
 .text._dtoa_r  0x00000000040048e4     0x1688 c:/intelfpga/17.1/nios2eds/bin/gnu/h-x86_64-mingw32/bin/../lib/gcc/nios2-elf/5.3.0/../../../../../H-x86_64-mingw32/nios2-elf/lib\libc.a(lib_a-dtoa.o)
                0x00000000040048e4                _dtoa_r
 .text          0x0000000004005f6c        0x0 c:/intelfpga/17.1/nios2eds/bin/gnu/h-x86_64-mingw32/bin/../lib/gcc/nios2-elf/5.3.0/../../../../../H-x86_64-mingw32/nios2-elf/lib\libc.a(lib_a-fflush.o)
 .text.__sflush_r
                0x0000000004005f6c      0x21c c:/intelfpga/17.1/nios2eds/bin/gnu/h-x86_64-mingw32/bin/../lib/gcc/nios2-elf/5.3.0/../../../../../H-x86_64-mingw32/nios2-elf/lib\libc.a(lib_a-fflush.o)
                0x0000000004005f6c                __sflush_r
 .text._fflush_r
                0x0000000004006188       0x5c c:/intelfpga/17.1/nios2eds/bin/gnu/h-x86_64-mingw32/bin/../lib/gcc/nios2-elf/5.3.0/../../../../../H-x86_64-mingw32/nios2-elf/lib\libc.a(lib_a-fflush.o)
                0x0000000004006188                _fflush_r
 .text.fflush   0x00000000040061e4       0x30 c:/intelfpga/17.1/nios2eds/bin/gnu/h-x86_64-mingw32/bin/../lib/gcc/nios2-elf/5.3.0/../../../../../H-x86_64-mingw32/nios2-elf/lib\libc.a(lib_a-fflush.o)
                0x00000000040061e4                fflush
 .text          0x0000000004006214        0x0 c:/intelfpga/17.1/nios2eds/bin/gnu/h-x86_64-mingw32/bin/../lib/gcc/nios2-elf/5.3.0/../../../../../H-x86_64-mingw32/nios2-elf/lib\libc.a(lib_a-findfp.o)
 .text.__fp_unlock
                0x0000000004006214        0x8 c:/intelfpga/17.1/nios2eds/bin/gnu/h-x86_64-mingw32/bin/../lib/gcc/nios2-elf/5.3.0/../../../../../H-x86_64-mingw32/nios2-elf/lib\libc.a(lib_a-findfp.o)
 .text._cleanup_r
                0x000000000400621c        0xc c:/intelfpga/17.1/nios2eds/bin/gnu/h-x86_64-mingw32/bin/../lib/gcc/nios2-elf/5.3.0/../../../../../H-x86_64-mingw32/nios2-elf/lib\libc.a(lib_a-findfp.o)
                0x000000000400621c                _cleanup_r
 .text.__sinit.part.1
                0x0000000004006228      0x19c c:/intelfpga/17.1/nios2eds/bin/gnu/h-x86_64-mingw32/bin/../lib/gcc/nios2-elf/5.3.0/../../../../../H-x86_64-mingw32/nios2-elf/lib\libc.a(lib_a-findfp.o)
 .text.__fp_lock
                0x00000000040063c4        0x8 c:/intelfpga/17.1/nios2eds/bin/gnu/h-x86_64-mingw32/bin/../lib/gcc/nios2-elf/5.3.0/../../../../../H-x86_64-mingw32/nios2-elf/lib\libc.a(lib_a-findfp.o)
 .text.__sfmoreglue
                0x00000000040063cc       0x68 c:/intelfpga/17.1/nios2eds/bin/gnu/h-x86_64-mingw32/bin/../lib/gcc/nios2-elf/5.3.0/../../../../../H-x86_64-mingw32/nios2-elf/lib\libc.a(lib_a-findfp.o)
                0x00000000040063cc                __sfmoreglue
 .text.__sfp    0x0000000004006434      0x118 c:/intelfpga/17.1/nios2eds/bin/gnu/h-x86_64-mingw32/bin/../lib/gcc/nios2-elf/5.3.0/../../../../../H-x86_64-mingw32/nios2-elf/lib\libc.a(lib_a-findfp.o)
                0x0000000004006434                __sfp
 .text._cleanup
                0x000000000400654c       0x18 c:/intelfpga/17.1/nios2eds/bin/gnu/h-x86_64-mingw32/bin/../lib/gcc/nios2-elf/5.3.0/../../../../../H-x86_64-mingw32/nios2-elf/lib\libc.a(lib_a-findfp.o)
                0x000000000400654c                _cleanup
 .text.__sinit  0x0000000004006564       0x10 c:/intelfpga/17.1/nios2eds/bin/gnu/h-x86_64-mingw32/bin/../lib/gcc/nios2-elf/5.3.0/../../../../../H-x86_64-mingw32/nios2-elf/lib\libc.a(lib_a-findfp.o)
                0x0000000004006564                __sinit
 .text.__sfp_lock_acquire
                0x0000000004006574        0x4 c:/intelfpga/17.1/nios2eds/bin/gnu/h-x86_64-mingw32/bin/../lib/gcc/nios2-elf/5.3.0/../../../../../H-x86_64-mingw32/nios2-elf/lib\libc.a(lib_a-findfp.o)
                0x0000000004006574                __sfp_lock_acquire
 .text.__sfp_lock_release
                0x0000000004006578        0x4 c:/intelfpga/17.1/nios2eds/bin/gnu/h-x86_64-mingw32/bin/../lib/gcc/nios2-elf/5.3.0/../../../../../H-x86_64-mingw32/nios2-elf/lib\libc.a(lib_a-findfp.o)
                0x0000000004006578                __sfp_lock_release
 .text.__sinit_lock_acquire
                0x000000000400657c        0x4 c:/intelfpga/17.1/nios2eds/bin/gnu/h-x86_64-mingw32/bin/../lib/gcc/nios2-elf/5.3.0/../../../../../H-x86_64-mingw32/nios2-elf/lib\libc.a(lib_a-findfp.o)
                0x000000000400657c                __sinit_lock_acquire
 .text.__sinit_lock_release
                0x0000000004006580        0x4 c:/intelfpga/17.1/nios2eds/bin/gnu/h-x86_64-mingw32/bin/../lib/gcc/nios2-elf/5.3.0/../../../../../H-x86_64-mingw32/nios2-elf/lib\libc.a(lib_a-findfp.o)
                0x0000000004006580                __sinit_lock_release
 .text.__fp_lock_all
                0x0000000004006584       0x18 c:/intelfpga/17.1/nios2eds/bin/gnu/h-x86_64-mingw32/bin/../lib/gcc/nios2-elf/5.3.0/../../../../../H-x86_64-mingw32/nios2-elf/lib\libc.a(lib_a-findfp.o)
                0x0000000004006584                __fp_lock_all
 .text.__fp_unlock_all
                0x000000000400659c       0x18 c:/intelfpga/17.1/nios2eds/bin/gnu/h-x86_64-mingw32/bin/../lib/gcc/nios2-elf/5.3.0/../../../../../H-x86_64-mingw32/nios2-elf/lib\libc.a(lib_a-findfp.o)
                0x000000000400659c                __fp_unlock_all
 .text          0x00000000040065b4        0x0 c:/intelfpga/17.1/nios2eds/bin/gnu/h-x86_64-mingw32/bin/../lib/gcc/nios2-elf/5.3.0/../../../../../H-x86_64-mingw32/nios2-elf/lib\libc.a(lib_a-freer.o)
 .text._malloc_trim_r
                0x00000000040065b4      0x124 c:/intelfpga/17.1/nios2eds/bin/gnu/h-x86_64-mingw32/bin/../lib/gcc/nios2-elf/5.3.0/../../../../../H-x86_64-mingw32/nios2-elf/lib\libc.a(lib_a-freer.o)
                0x00000000040065b4                _malloc_trim_r
 .text._free_r  0x00000000040066d8      0x310 c:/intelfpga/17.1/nios2eds/bin/gnu/h-x86_64-mingw32/bin/../lib/gcc/nios2-elf/5.3.0/../../../../../H-x86_64-mingw32/nios2-elf/lib\libc.a(lib_a-freer.o)
                0x00000000040066d8                _free_r
 .text          0x00000000040069e8        0x0 c:/intelfpga/17.1/nios2eds/bin/gnu/h-x86_64-mingw32/bin/../lib/gcc/nios2-elf/5.3.0/../../../../../H-x86_64-mingw32/nios2-elf/lib\libc.a(lib_a-fvwrite.o)
 .text.__sfvwrite_r
                0x00000000040069e8      0x4bc c:/intelfpga/17.1/nios2eds/bin/gnu/h-x86_64-mingw32/bin/../lib/gcc/nios2-elf/5.3.0/../../../../../H-x86_64-mingw32/nios2-elf/lib\libc.a(lib_a-fvwrite.o)
                0x00000000040069e8                __sfvwrite_r
 .text          0x0000000004006ea4        0x0 c:/intelfpga/17.1/nios2eds/bin/gnu/h-x86_64-mingw32/bin/../lib/gcc/nios2-elf/5.3.0/../../../../../H-x86_64-mingw32/nios2-elf/lib\libc.a(lib_a-fwalk.o)
 .text._fwalk   0x0000000004006ea4       0xc4 c:/intelfpga/17.1/nios2eds/bin/gnu/h-x86_64-mingw32/bin/../lib/gcc/nios2-elf/5.3.0/../../../../../H-x86_64-mingw32/nios2-elf/lib\libc.a(lib_a-fwalk.o)
                0x0000000004006ea4                _fwalk
 .text._fwalk_reent
                0x0000000004006f68       0xc4 c:/intelfpga/17.1/nios2eds/bin/gnu/h-x86_64-mingw32/bin/../lib/gcc/nios2-elf/5.3.0/../../../../../H-x86_64-mingw32/nios2-elf/lib\libc.a(lib_a-fwalk.o)
                0x0000000004006f68                _fwalk_reent
 .text          0x000000000400702c        0x0 c:/intelfpga/17.1/nios2eds/bin/gnu/h-x86_64-mingw32/bin/../lib/gcc/nios2-elf/5.3.0/../../../../../H-x86_64-mingw32/nios2-elf/lib\libc.a(lib_a-impure.o)
 .text          0x000000000400702c        0x0 c:/intelfpga/17.1/nios2eds/bin/gnu/h-x86_64-mingw32/bin/../lib/gcc/nios2-elf/5.3.0/../../../../../H-x86_64-mingw32/nios2-elf/lib\libc.a(lib_a-locale.o)
 .text._setlocale_r
                0x000000000400702c       0x7c c:/intelfpga/17.1/nios2eds/bin/gnu/h-x86_64-mingw32/bin/../lib/gcc/nios2-elf/5.3.0/../../../../../H-x86_64-mingw32/nios2-elf/lib\libc.a(lib_a-locale.o)
                0x000000000400702c                _setlocale_r
 .text.__locale_charset
                0x00000000040070a8        0xc c:/intelfpga/17.1/nios2eds/bin/gnu/h-x86_64-mingw32/bin/../lib/gcc/nios2-elf/5.3.0/../../../../../H-x86_64-mingw32/nios2-elf/lib\libc.a(lib_a-locale.o)
                0x00000000040070a8                __locale_charset
 .text.__locale_mb_cur_max
                0x00000000040070b4       0x10 c:/intelfpga/17.1/nios2eds/bin/gnu/h-x86_64-mingw32/bin/../lib/gcc/nios2-elf/5.3.0/../../../../../H-x86_64-mingw32/nios2-elf/lib\libc.a(lib_a-locale.o)
                0x00000000040070b4                __locale_mb_cur_max
 .text.__locale_msgcharset
                0x00000000040070c4        0xc c:/intelfpga/17.1/nios2eds/bin/gnu/h-x86_64-mingw32/bin/../lib/gcc/nios2-elf/5.3.0/../../../../../H-x86_64-mingw32/nios2-elf/lib\libc.a(lib_a-locale.o)
                0x00000000040070c4                __locale_msgcharset
 .text.__locale_cjk_lang
                0x00000000040070d0        0x8 c:/intelfpga/17.1/nios2eds/bin/gnu/h-x86_64-mingw32/bin/../lib/gcc/nios2-elf/5.3.0/../../../../../H-x86_64-mingw32/nios2-elf/lib\libc.a(lib_a-locale.o)
                0x00000000040070d0                __locale_cjk_lang
 .text._localeconv_r
                0x00000000040070d8        0xc c:/intelfpga/17.1/nios2eds/bin/gnu/h-x86_64-mingw32/bin/../lib/gcc/nios2-elf/5.3.0/../../../../../H-x86_64-mingw32/nios2-elf/lib\libc.a(lib_a-locale.o)
                0x00000000040070d8                _localeconv_r
 .text.setlocale
                0x00000000040070e4       0x18 c:/intelfpga/17.1/nios2eds/bin/gnu/h-x86_64-mingw32/bin/../lib/gcc/nios2-elf/5.3.0/../../../../../H-x86_64-mingw32/nios2-elf/lib\libc.a(lib_a-locale.o)
                0x00000000040070e4                setlocale
 .text.localeconv
                0x00000000040070fc        0xc c:/intelfpga/17.1/nios2eds/bin/gnu/h-x86_64-mingw32/bin/../lib/gcc/nios2-elf/5.3.0/../../../../../H-x86_64-mingw32/nios2-elf/lib\libc.a(lib_a-locale.o)
                0x00000000040070fc                localeconv
 .text          0x0000000004007108        0x0 c:/intelfpga/17.1/nios2eds/bin/gnu/h-x86_64-mingw32/bin/../lib/gcc/nios2-elf/5.3.0/../../../../../H-x86_64-mingw32/nios2-elf/lib\libc.a(lib_a-makebuf.o)
 .text.__smakebuf_r
                0x0000000004007108      0x1bc c:/intelfpga/17.1/nios2eds/bin/gnu/h-x86_64-mingw32/bin/../lib/gcc/nios2-elf/5.3.0/../../../../../H-x86_64-mingw32/nios2-elf/lib\libc.a(lib_a-makebuf.o)
                0x0000000004007108                __smakebuf_r
 .text          0x00000000040072c4        0x0 c:/intelfpga/17.1/nios2eds/bin/gnu/h-x86_64-mingw32/bin/../lib/gcc/nios2-elf/5.3.0/../../../../../H-x86_64-mingw32/nios2-elf/lib\libc.a(lib_a-mallocr.o)
 .text._malloc_r
                0x00000000040072c4      0x80c c:/intelfpga/17.1/nios2eds/bin/gnu/h-x86_64-mingw32/bin/../lib/gcc/nios2-elf/5.3.0/../../../../../H-x86_64-mingw32/nios2-elf/lib\libc.a(lib_a-mallocr.o)
                0x00000000040072c4                _malloc_r
 .text          0x0000000004007ad0        0x0 c:/intelfpga/17.1/nios2eds/bin/gnu/h-x86_64-mingw32/bin/../lib/gcc/nios2-elf/5.3.0/../../../../../H-x86_64-mingw32/nios2-elf/lib\libc.a(lib_a-memchr.o)
 .text.memchr   0x0000000004007ad0       0xe4 c:/intelfpga/17.1/nios2eds/bin/gnu/h-x86_64-mingw32/bin/../lib/gcc/nios2-elf/5.3.0/../../../../../H-x86_64-mingw32/nios2-elf/lib\libc.a(lib_a-memchr.o)
                0x0000000004007ad0                memchr
 .text          0x0000000004007bb4        0x0 c:/intelfpga/17.1/nios2eds/bin/gnu/h-x86_64-mingw32/bin/../lib/gcc/nios2-elf/5.3.0/../../../../../H-x86_64-mingw32/nios2-elf/lib\libc.a(lib_a-memmove.o)
 .text.memmove  0x0000000004007bb4      0x15c c:/intelfpga/17.1/nios2eds/bin/gnu/h-x86_64-mingw32/bin/../lib/gcc/nios2-elf/5.3.0/../../../../../H-x86_64-mingw32/nios2-elf/lib\libc.a(lib_a-memmove.o)
                0x0000000004007bb4                memmove
 .text          0x0000000004007d10        0x0 c:/intelfpga/17.1/nios2eds/bin/gnu/h-x86_64-mingw32/bin/../lib/gcc/nios2-elf/5.3.0/../../../../../H-x86_64-mingw32/nios2-elf/lib\libc.a(lib_a-memset.o)
 .text.memset   0x0000000004007d10      0x128 c:/intelfpga/17.1/nios2eds/bin/gnu/h-x86_64-mingw32/bin/../lib/gcc/nios2-elf/5.3.0/../../../../../H-x86_64-mingw32/nios2-elf/lib\libc.a(lib_a-memset.o)
                0x0000000004007d10                memset
 .text          0x0000000004007e38        0x0 c:/intelfpga/17.1/nios2eds/bin/gnu/h-x86_64-mingw32/bin/../lib/gcc/nios2-elf/5.3.0/../../../../../H-x86_64-mingw32/nios2-elf/lib\libc.a(lib_a-mprec.o)
 .text._Balloc  0x0000000004007e38       0xa8 c:/intelfpga/17.1/nios2eds/bin/gnu/h-x86_64-mingw32/bin/../lib/gcc/nios2-elf/5.3.0/../../../../../H-x86_64-mingw32/nios2-elf/lib\libc.a(lib_a-mprec.o)
                0x0000000004007e38                _Balloc
 .text._Bfree   0x0000000004007ee0       0x28 c:/intelfpga/17.1/nios2eds/bin/gnu/h-x86_64-mingw32/bin/../lib/gcc/nios2-elf/5.3.0/../../../../../H-x86_64-mingw32/nios2-elf/lib\libc.a(lib_a-mprec.o)
                0x0000000004007ee0                _Bfree
 .text.__multadd
                0x0000000004007f08      0x120 c:/intelfpga/17.1/nios2eds/bin/gnu/h-x86_64-mingw32/bin/../lib/gcc/nios2-elf/5.3.0/../../../../../H-x86_64-mingw32/nios2-elf/lib\libc.a(lib_a-mprec.o)
                0x0000000004007f08                __multadd
 .text.__s2b    0x0000000004008028      0x104 c:/intelfpga/17.1/nios2eds/bin/gnu/h-x86_64-mingw32/bin/../lib/gcc/nios2-elf/5.3.0/../../../../../H-x86_64-mingw32/nios2-elf/lib\libc.a(lib_a-mprec.o)
                0x0000000004008028                __s2b
 .text.__hi0bits
                0x000000000400812c       0x68 c:/intelfpga/17.1/nios2eds/bin/gnu/h-x86_64-mingw32/bin/../lib/gcc/nios2-elf/5.3.0/../../../../../H-x86_64-mingw32/nios2-elf/lib\libc.a(lib_a-mprec.o)
                0x000000000400812c                __hi0bits
 .text.__lo0bits
                0x0000000004008194       0xb0 c:/intelfpga/17.1/nios2eds/bin/gnu/h-x86_64-mingw32/bin/../lib/gcc/nios2-elf/5.3.0/../../../../../H-x86_64-mingw32/nios2-elf/lib\libc.a(lib_a-mprec.o)
                0x0000000004008194                __lo0bits
 .text.__i2b    0x0000000004008244       0x3c c:/intelfpga/17.1/nios2eds/bin/gnu/h-x86_64-mingw32/bin/../lib/gcc/nios2-elf/5.3.0/../../../../../H-x86_64-mingw32/nios2-elf/lib\libc.a(lib_a-mprec.o)
                0x0000000004008244                __i2b
 .text.__multiply
                0x0000000004008280      0x1f8 c:/intelfpga/17.1/nios2eds/bin/gnu/h-x86_64-mingw32/bin/../lib/gcc/nios2-elf/5.3.0/../../../../../H-x86_64-mingw32/nios2-elf/lib\libc.a(lib_a-mprec.o)
                0x0000000004008280                __multiply
 .text.__pow5mult
                0x0000000004008478      0x140 c:/intelfpga/17.1/nios2eds/bin/gnu/h-x86_64-mingw32/bin/../lib/gcc/nios2-elf/5.3.0/../../../../../H-x86_64-mingw32/nios2-elf/lib\libc.a(lib_a-mprec.o)
                0x0000000004008478                __pow5mult
 .text.__lshift
                0x00000000040085b8      0x148 c:/intelfpga/17.1/nios2eds/bin/gnu/h-x86_64-mingw32/bin/../lib/gcc/nios2-elf/5.3.0/../../../../../H-x86_64-mingw32/nios2-elf/lib\libc.a(lib_a-mprec.o)
                0x00000000040085b8                __lshift
 .text.__mcmp   0x0000000004008700       0x60 c:/intelfpga/17.1/nios2eds/bin/gnu/h-x86_64-mingw32/bin/../lib/gcc/nios2-elf/5.3.0/../../../../../H-x86_64-mingw32/nios2-elf/lib\libc.a(lib_a-mprec.o)
                0x0000000004008700                __mcmp
 .text.__mdiff  0x0000000004008760      0x1fc c:/intelfpga/17.1/nios2eds/bin/gnu/h-x86_64-mingw32/bin/../lib/gcc/nios2-elf/5.3.0/../../../../../H-x86_64-mingw32/nios2-elf/lib\libc.a(lib_a-mprec.o)
                0x0000000004008760                __mdiff
 .text.__ulp    0x000000000400895c       0x64 c:/intelfpga/17.1/nios2eds/bin/gnu/h-x86_64-mingw32/bin/../lib/gcc/nios2-elf/5.3.0/../../../../../H-x86_64-mingw32/nios2-elf/lib\libc.a(lib_a-mprec.o)
                0x000000000400895c                __ulp
 .text.__b2d    0x00000000040089c0      0x10c c:/intelfpga/17.1/nios2eds/bin/gnu/h-x86_64-mingw32/bin/../lib/gcc/nios2-elf/5.3.0/../../../../../H-x86_64-mingw32/nios2-elf/lib\libc.a(lib_a-mprec.o)
                0x00000000040089c0                __b2d
 .text.__d2b    0x0000000004008acc      0x14c c:/intelfpga/17.1/nios2eds/bin/gnu/h-x86_64-mingw32/bin/../lib/gcc/nios2-elf/5.3.0/../../../../../H-x86_64-mingw32/nios2-elf/lib\libc.a(lib_a-mprec.o)
                0x0000000004008acc                __d2b
 .text.__ratio  0x0000000004008c18       0xa4 c:/intelfpga/17.1/nios2eds/bin/gnu/h-x86_64-mingw32/bin/../lib/gcc/nios2-elf/5.3.0/../../../../../H-x86_64-mingw32/nios2-elf/lib\libc.a(lib_a-mprec.o)
                0x0000000004008c18                __ratio
 .text._mprec_log10
                0x0000000004008cbc       0x74 c:/intelfpga/17.1/nios2eds/bin/gnu/h-x86_64-mingw32/bin/../lib/gcc/nios2-elf/5.3.0/../../../../../H-x86_64-mingw32/nios2-elf/lib\libc.a(lib_a-mprec.o)
                0x0000000004008cbc                _mprec_log10
 .text.__copybits
                0x0000000004008d30       0x78 c:/intelfpga/17.1/nios2eds/bin/gnu/h-x86_64-mingw32/bin/../lib/gcc/nios2-elf/5.3.0/../../../../../H-x86_64-mingw32/nios2-elf/lib\libc.a(lib_a-mprec.o)
                0x0000000004008d30                __copybits
 .text.__any_on
                0x0000000004008da8       0x8c c:/intelfpga/17.1/nios2eds/bin/gnu/h-x86_64-mingw32/bin/../lib/gcc/nios2-elf/5.3.0/../../../../../H-x86_64-mingw32/nios2-elf/lib\libc.a(lib_a-mprec.o)
                0x0000000004008da8                __any_on
 .text          0x0000000004008e34        0x0 c:/intelfpga/17.1/nios2eds/bin/gnu/h-x86_64-mingw32/bin/../lib/gcc/nios2-elf/5.3.0/../../../../../H-x86_64-mingw32/nios2-elf/lib\libc.a(lib_a-reallocr.o)
 .text._realloc_r
                0x0000000004008e34      0x564 c:/intelfpga/17.1/nios2eds/bin/gnu/h-x86_64-mingw32/bin/../lib/gcc/nios2-elf/5.3.0/../../../../../H-x86_64-mingw32/nios2-elf/lib\libc.a(lib_a-reallocr.o)
                0x0000000004008e34                _realloc_r
 .text          0x0000000004009398        0x0 c:/intelfpga/17.1/nios2eds/bin/gnu/h-x86_64-mingw32/bin/../lib/gcc/nios2-elf/5.3.0/../../../../../H-x86_64-mingw32/nios2-elf/lib\libc.a(lib_a-s_fpclassify.o)
 .text.__fpclassifyd
                0x0000000004009398       0x74 c:/intelfpga/17.1/nios2eds/bin/gnu/h-x86_64-mingw32/bin/../lib/gcc/nios2-elf/5.3.0/../../../../../H-x86_64-mingw32/nios2-elf/lib\libc.a(lib_a-s_fpclassify.o)
                0x0000000004009398                __fpclassifyd
 .text          0x000000000400940c        0x0 c:/intelfpga/17.1/nios2eds/bin/gnu/h-x86_64-mingw32/bin/../lib/gcc/nios2-elf/5.3.0/../../../../../H-x86_64-mingw32/nios2-elf/lib\libc.a(lib_a-sbrkr.o)
 .text._sbrk_r  0x000000000400940c       0x54 c:/intelfpga/17.1/nios2eds/bin/gnu/h-x86_64-mingw32/bin/../lib/gcc/nios2-elf/5.3.0/../../../../../H-x86_64-mingw32/nios2-elf/lib\libc.a(lib_a-sbrkr.o)
                0x000000000400940c                _sbrk_r
 .text          0x0000000004009460        0x0 c:/intelfpga/17.1/nios2eds/bin/gnu/h-x86_64-mingw32/bin/../lib/gcc/nios2-elf/5.3.0/../../../../../H-x86_64-mingw32/nios2-elf/lib\libc.a(lib_a-stdio.o)
 .text.__sread  0x0000000004009460       0x54 c:/intelfpga/17.1/nios2eds/bin/gnu/h-x86_64-mingw32/bin/../lib/gcc/nios2-elf/5.3.0/../../../../../H-x86_64-mingw32/nios2-elf/lib\libc.a(lib_a-stdio.o)
                0x0000000004009460                __sread
 .text.__seofread
                0x00000000040094b4        0x8 c:/intelfpga/17.1/nios2eds/bin/gnu/h-x86_64-mingw32/bin/../lib/gcc/nios2-elf/5.3.0/../../../../../H-x86_64-mingw32/nios2-elf/lib\libc.a(lib_a-stdio.o)
                0x00000000040094b4                __seofread
 .text.__swrite
                0x00000000040094bc       0x7c c:/intelfpga/17.1/nios2eds/bin/gnu/h-x86_64-mingw32/bin/../lib/gcc/nios2-elf/5.3.0/../../../../../H-x86_64-mingw32/nios2-elf/lib\libc.a(lib_a-stdio.o)
                0x00000000040094bc                __swrite
 .text.__sseek  0x0000000004009538       0x5c c:/intelfpga/17.1/nios2eds/bin/gnu/h-x86_64-mingw32/bin/../lib/gcc/nios2-elf/5.3.0/../../../../../H-x86_64-mingw32/nios2-elf/lib\libc.a(lib_a-stdio.o)
                0x0000000004009538                __sseek
 .text.__sclose
                0x0000000004009594        0x8 c:/intelfpga/17.1/nios2eds/bin/gnu/h-x86_64-mingw32/bin/../lib/gcc/nios2-elf/5.3.0/../../../../../H-x86_64-mingw32/nios2-elf/lib\libc.a(lib_a-stdio.o)
                0x0000000004009594                __sclose
 .text          0x000000000400959c        0x0 c:/intelfpga/17.1/nios2eds/bin/gnu/h-x86_64-mingw32/bin/../lib/gcc/nios2-elf/5.3.0/../../../../../H-x86_64-mingw32/nios2-elf/lib\libc.a(lib_a-strcmp.o)
 .text.strcmp   0x000000000400959c       0xdc c:/intelfpga/17.1/nios2eds/bin/gnu/h-x86_64-mingw32/bin/../lib/gcc/nios2-elf/5.3.0/../../../../../H-x86_64-mingw32/nios2-elf/lib\libc.a(lib_a-strcmp.o)
                0x000000000400959c                strcmp
 .text          0x0000000004009678        0x0 c:/intelfpga/17.1/nios2eds/bin/gnu/h-x86_64-mingw32/bin/../lib/gcc/nios2-elf/5.3.0/../../../../../H-x86_64-mingw32/nios2-elf/lib\libc.a(lib_a-vfiprintf.o)
 .text.__sprint_r.part.0
                0x0000000004009678       0xfc c:/intelfpga/17.1/nios2eds/bin/gnu/h-x86_64-mingw32/bin/../lib/gcc/nios2-elf/5.3.0/../../../../../H-x86_64-mingw32/nios2-elf/lib\libc.a(lib_a-vfiprintf.o)
 .text.__sprint_r
                0x0000000004009774       0x18 c:/intelfpga/17.1/nios2eds/bin/gnu/h-x86_64-mingw32/bin/../lib/gcc/nios2-elf/5.3.0/../../../../../H-x86_64-mingw32/nios2-elf/lib\libc.a(lib_a-vfiprintf.o)
                0x0000000004009774                __sprint_r
 .text.___vfiprintf_internal_r
                0x000000000400978c     0x145c c:/intelfpga/17.1/nios2eds/bin/gnu/h-x86_64-mingw32/bin/../lib/gcc/nios2-elf/5.3.0/../../../../../H-x86_64-mingw32/nios2-elf/lib\libc.a(lib_a-vfiprintf.o)
                0x000000000400978c                ___vfiprintf_internal_r
 .text.__vfiprintf_internal
                0x000000000400abe8       0x1c c:/intelfpga/17.1/nios2eds/bin/gnu/h-x86_64-mingw32/bin/../lib/gcc/nios2-elf/5.3.0/../../../../../H-x86_64-mingw32/nios2-elf/lib\libc.a(lib_a-vfiprintf.o)
                0x000000000400abe8                __vfiprintf_internal
 .text.__sbprintf
                0x000000000400ac04       0xbc c:/intelfpga/17.1/nios2eds/bin/gnu/h-x86_64-mingw32/bin/../lib/gcc/nios2-elf/5.3.0/../../../../../H-x86_64-mingw32/nios2-elf/lib\libc.a(lib_a-vfiprintf.o)
 .text          0x000000000400acc0        0x0 c:/intelfpga/17.1/nios2eds/bin/gnu/h-x86_64-mingw32/bin/../lib/gcc/nios2-elf/5.3.0/../../../../../H-x86_64-mingw32/nios2-elf/lib\libc.a(lib_a-writer.o)
 .text._write_r
                0x000000000400acc0       0x60 c:/intelfpga/17.1/nios2eds/bin/gnu/h-x86_64-mingw32/bin/../lib/gcc/nios2-elf/5.3.0/../../../../../H-x86_64-mingw32/nios2-elf/lib\libc.a(lib_a-writer.o)
                0x000000000400acc0                _write_r
 .text          0x000000000400ad20        0x0 c:/intelfpga/17.1/nios2eds/bin/gnu/h-x86_64-mingw32/bin/../lib/gcc/nios2-elf/5.3.0/../../../../../H-x86_64-mingw32/nios2-elf/lib\libc.a(closer.o)
 .text._close_r
                0x000000000400ad20       0x54 c:/intelfpga/17.1/nios2eds/bin/gnu/h-x86_64-mingw32/bin/../lib/gcc/nios2-elf/5.3.0/../../../../../H-x86_64-mingw32/nios2-elf/lib\libc.a(closer.o)
                0x000000000400ad20                _close_r
 .text          0x000000000400ad74        0x0 c:/intelfpga/17.1/nios2eds/bin/gnu/h-x86_64-mingw32/bin/../lib/gcc/nios2-elf/5.3.0/../../../../../H-x86_64-mingw32/nios2-elf/lib\libc.a(lib_a-callocr.o)
 .text._calloc_r
                0x000000000400ad74       0xc4 c:/intelfpga/17.1/nios2eds/bin/gnu/h-x86_64-mingw32/bin/../lib/gcc/nios2-elf/5.3.0/../../../../../H-x86_64-mingw32/nios2-elf/lib\libc.a(lib_a-callocr.o)
                0x000000000400ad74                _calloc_r
 .text          0x000000000400ae38        0x0 c:/intelfpga/17.1/nios2eds/bin/gnu/h-x86_64-mingw32/bin/../lib/gcc/nios2-elf/5.3.0/../../../../../H-x86_64-mingw32/nios2-elf/lib\libc.a(lib_a-fclose.o)
 .text._fclose_r
                0x000000000400ae38       0xf0 c:/intelfpga/17.1/nios2eds/bin/gnu/h-x86_64-mingw32/bin/../lib/gcc/nios2-elf/5.3.0/../../../../../H-x86_64-mingw32/nios2-elf/lib\libc.a(lib_a-fclose.o)
                0x000000000400ae38                _fclose_r
 .text.fclose   0x000000000400af28       0x14 c:/intelfpga/17.1/nios2eds/bin/gnu/h-x86_64-mingw32/bin/../lib/gcc/nios2-elf/5.3.0/../../../../../H-x86_64-mingw32/nios2-elf/lib\libc.a(lib_a-fclose.o)
                0x000000000400af28                fclose
 .text          0x000000000400af3c        0x0 c:/intelfpga/17.1/nios2eds/bin/gnu/h-x86_64-mingw32/bin/../lib/gcc/nios2-elf/5.3.0/../../../../../H-x86_64-mingw32/nios2-elf/lib\libc.a(lib_a-fputwc.o)
 .text.__fputwc
                0x000000000400af3c      0x164 c:/intelfpga/17.1/nios2eds/bin/gnu/h-x86_64-mingw32/bin/../lib/gcc/nios2-elf/5.3.0/../../../../../H-x86_64-mingw32/nios2-elf/lib\libc.a(lib_a-fputwc.o)
                0x000000000400af3c                __fputwc
 .text._fputwc_r
                0x000000000400b0a0       0x24 c:/intelfpga/17.1/nios2eds/bin/gnu/h-x86_64-mingw32/bin/../lib/gcc/nios2-elf/5.3.0/../../../../../H-x86_64-mingw32/nios2-elf/lib\libc.a(lib_a-fputwc.o)
                0x000000000400b0a0                _fputwc_r
 .text.fputwc   0x000000000400b0c4       0x80 c:/intelfpga/17.1/nios2eds/bin/gnu/h-x86_64-mingw32/bin/../lib/gcc/nios2-elf/5.3.0/../../../../../H-x86_64-mingw32/nios2-elf/lib\libc.a(lib_a-fputwc.o)
                0x000000000400b0c4                fputwc
 .text          0x000000000400b144        0x0 c:/intelfpga/17.1/nios2eds/bin/gnu/h-x86_64-mingw32/bin/../lib/gcc/nios2-elf/5.3.0/../../../../../H-x86_64-mingw32/nios2-elf/lib\libc.a(lib_a-fstatr.o)
 .text._fstat_r
                0x000000000400b144       0x5c c:/intelfpga/17.1/nios2eds/bin/gnu/h-x86_64-mingw32/bin/../lib/gcc/nios2-elf/5.3.0/../../../../../H-x86_64-mingw32/nios2-elf/lib\libc.a(lib_a-fstatr.o)
                0x000000000400b144                _fstat_r
 .text          0x000000000400b1a0        0x0 c:/intelfpga/17.1/nios2eds/bin/gnu/h-x86_64-mingw32/bin/../lib/gcc/nios2-elf/5.3.0/../../../../../H-x86_64-mingw32/nios2-elf/lib\libc.a(lib_a-int_errno.o)
 .text          0x000000000400b1a0        0x0 c:/intelfpga/17.1/nios2eds/bin/gnu/h-x86_64-mingw32/bin/../lib/gcc/nios2-elf/5.3.0/../../../../../H-x86_64-mingw32/nios2-elf/lib\libc.a(lib_a-isattyr.o)
 .text._isatty_r
                0x000000000400b1a0       0x54 c:/intelfpga/17.1/nios2eds/bin/gnu/h-x86_64-mingw32/bin/../lib/gcc/nios2-elf/5.3.0/../../../../../H-x86_64-mingw32/nios2-elf/lib\libc.a(lib_a-isattyr.o)
                0x000000000400b1a0                _isatty_r
 .text          0x000000000400b1f4        0x0 c:/intelfpga/17.1/nios2eds/bin/gnu/h-x86_64-mingw32/bin/../lib/gcc/nios2-elf/5.3.0/../../../../../H-x86_64-mingw32/nios2-elf/lib\libc.a(lib_a-lseekr.o)
 .text._lseek_r
                0x000000000400b1f4       0x60 c:/intelfpga/17.1/nios2eds/bin/gnu/h-x86_64-mingw32/bin/../lib/gcc/nios2-elf/5.3.0/../../../../../H-x86_64-mingw32/nios2-elf/lib\libc.a(lib_a-lseekr.o)
                0x000000000400b1f4                _lseek_r
 .text          0x000000000400b254        0x0 c:/intelfpga/17.1/nios2eds/bin/gnu/h-x86_64-mingw32/bin/../lib/gcc/nios2-elf/5.3.0/../../../../../H-x86_64-mingw32/nios2-elf/lib\libc.a(lib_a-readr.o)
 .text._read_r  0x000000000400b254       0x60 c:/intelfpga/17.1/nios2eds/bin/gnu/h-x86_64-mingw32/bin/../lib/gcc/nios2-elf/5.3.0/../../../../../H-x86_64-mingw32/nios2-elf/lib\libc.a(lib_a-readr.o)
                0x000000000400b254                _read_r
 .text          0x000000000400b2b4        0x0 c:/intelfpga/17.1/nios2eds/bin/gnu/h-x86_64-mingw32/bin/../lib/gcc/nios2-elf/5.3.0/../../../../../H-x86_64-mingw32/nios2-elf/lib\libc.a(lib_a-wbuf.o)
 .text.__swbuf_r
                0x000000000400b2b4      0x140 c:/intelfpga/17.1/nios2eds/bin/gnu/h-x86_64-mingw32/bin/../lib/gcc/nios2-elf/5.3.0/../../../../../H-x86_64-mingw32/nios2-elf/lib\libc.a(lib_a-wbuf.o)
                0x000000000400b2b4                __swbuf_r
 .text.__swbuf  0x000000000400b3f4       0x18 c:/intelfpga/17.1/nios2eds/bin/gnu/h-x86_64-mingw32/bin/../lib/gcc/nios2-elf/5.3.0/../../../../../H-x86_64-mingw32/nios2-elf/lib\libc.a(lib_a-wbuf.o)
                0x000000000400b3f4                __swbuf
 .text          0x000000000400b40c        0x0 c:/intelfpga/17.1/nios2eds/bin/gnu/h-x86_64-mingw32/bin/../lib/gcc/nios2-elf/5.3.0/../../../../../H-x86_64-mingw32/nios2-elf/lib\libc.a(lib_a-wcrtomb.o)
 .text._wcrtomb_r
                0x000000000400b40c       0x9c c:/intelfpga/17.1/nios2eds/bin/gnu/h-x86_64-mingw32/bin/../lib/gcc/nios2-elf/5.3.0/../../../../../H-x86_64-mingw32/nios2-elf/lib\libc.a(lib_a-wcrtomb.o)
                0x000000000400b40c                _wcrtomb_r
 .text.wcrtomb  0x000000000400b4a8       0xc0 c:/intelfpga/17.1/nios2eds/bin/gnu/h-x86_64-mingw32/bin/../lib/gcc/nios2-elf/5.3.0/../../../../../H-x86_64-mingw32/nios2-elf/lib\libc.a(lib_a-wcrtomb.o)
                0x000000000400b4a8                wcrtomb
 .text          0x000000000400b568        0x0 c:/intelfpga/17.1/nios2eds/bin/gnu/h-x86_64-mingw32/bin/../lib/gcc/nios2-elf/5.3.0/../../../../../H-x86_64-mingw32/nios2-elf/lib\libc.a(lib_a-wctomb_r.o)
 .text.__ascii_wctomb
                0x000000000400b568       0x30 c:/intelfpga/17.1/nios2eds/bin/gnu/h-x86_64-mingw32/bin/../lib/gcc/nios2-elf/5.3.0/../../../../../H-x86_64-mingw32/nios2-elf/lib\libc.a(lib_a-wctomb_r.o)
                0x000000000400b568                __ascii_wctomb
 .text._wctomb_r
                0x000000000400b598       0x5c c:/intelfpga/17.1/nios2eds/bin/gnu/h-x86_64-mingw32/bin/../lib/gcc/nios2-elf/5.3.0/../../../../../H-x86_64-mingw32/nios2-elf/lib\libc.a(lib_a-wctomb_r.o)
                0x000000000400b598                _wctomb_r
 .text          0x000000000400b5f4      0x578 c:/intelfpga/17.1/nios2eds/bin/gnu/h-x86_64-mingw32/bin/../lib/gcc/nios2-elf/5.3.0\libgcc.a(_udivdi3.o)
                0x000000000400b5f4                __udivdi3
 .text          0x000000000400bb6c      0x538 c:/intelfpga/17.1/nios2eds/bin/gnu/h-x86_64-mingw32/bin/../lib/gcc/nios2-elf/5.3.0\libgcc.a(_umoddi3.o)
                0x000000000400bb6c                __umoddi3
 .text          0x000000000400c0a4      0x1b4 c:/intelfpga/17.1/nios2eds/bin/gnu/h-x86_64-mingw32/bin/../lib/gcc/nios2-elf/5.3.0\libgcc.a(lib2-divmod.o)
                0x000000000400c0a4                __divsi3
                0x000000000400c128                __modsi3
                0x000000000400c19c                __udivsi3
                0x000000000400c200                __umodsi3
 .text          0x000000000400c258      0x8ac c:/intelfpga/17.1/nios2eds/bin/gnu/h-x86_64-mingw32/bin/../lib/gcc/nios2-elf/5.3.0\libgcc.a(adddf3.o)
                0x000000000400c258                __adddf3
 .text          0x000000000400cb04      0x8e8 c:/intelfpga/17.1/nios2eds/bin/gnu/h-x86_64-mingw32/bin/../lib/gcc/nios2-elf/5.3.0\libgcc.a(divdf3.o)
                0x000000000400cb04                __divdf3
 .text          0x000000000400d3ec       0x88 c:/intelfpga/17.1/nios2eds/bin/gnu/h-x86_64-mingw32/bin/../lib/gcc/nios2-elf/5.3.0\libgcc.a(eqdf2.o)
                0x000000000400d3ec                __nedf2
                0x000000000400d3ec                __eqdf2
 .text          0x000000000400d474       0xdc c:/intelfpga/17.1/nios2eds/bin/gnu/h-x86_64-mingw32/bin/../lib/gcc/nios2-elf/5.3.0\libgcc.a(gedf2.o)
                0x000000000400d474                __gedf2
                0x000000000400d474                __gtdf2
 .text          0x000000000400d550       0xf4 c:/intelfpga/17.1/nios2eds/bin/gnu/h-x86_64-mingw32/bin/../lib/gcc/nios2-elf/5.3.0\libgcc.a(ledf2.o)
                0x000000000400d550                __ledf2
                0x000000000400d550                __ltdf2
 .text          0x000000000400d644      0x718 c:/intelfpga/17.1/nios2eds/bin/gnu/h-x86_64-mingw32/bin/../lib/gcc/nios2-elf/5.3.0\libgcc.a(muldf3.o)
                0x000000000400d644                __muldf3
 .text          0x000000000400dd5c      0x8fc c:/intelfpga/17.1/nios2eds/bin/gnu/h-x86_64-mingw32/bin/../lib/gcc/nios2-elf/5.3.0\libgcc.a(subdf3.o)
                0x000000000400dd5c                __subdf3
 .text          0x000000000400e658       0x80 c:/intelfpga/17.1/nios2eds/bin/gnu/h-x86_64-mingw32/bin/../lib/gcc/nios2-elf/5.3.0\libgcc.a(fixdfsi.o)
                0x000000000400e658                __fixdfsi
 .text          0x000000000400e6d8       0xdc c:/intelfpga/17.1/nios2eds/bin/gnu/h-x86_64-mingw32/bin/../lib/gcc/nios2-elf/5.3.0\libgcc.a(floatsidf.o)
                0x000000000400e6d8                __floatsidf
 .text          0x000000000400e7b4       0xa8 c:/intelfpga/17.1/nios2eds/bin/gnu/h-x86_64-mingw32/bin/../lib/gcc/nios2-elf/5.3.0\libgcc.a(floatunsidf.o)
                0x000000000400e7b4                __floatunsidf
 .text          0x000000000400e85c        0x0 c:/intelfpga/17.1/nios2eds/bin/gnu/h-x86_64-mingw32/bin/../lib/gcc/nios2-elf/5.3.0\libgcc.a(_clz.o)
 .text          0x000000000400e85c       0x64 c:/intelfpga/17.1/nios2eds/bin/gnu/h-x86_64-mingw32/bin/../lib/gcc/nios2-elf/5.3.0\libgcc.a(_clzsi2.o)
                0x000000000400e85c                __clzsi2
 .text          0x000000000400e8c0      0x12c ../Software_LCD_Touch_bsp/\libhal_bsp.a(alt_alarm_start.o)
                0x000000000400e8c0                alt_alarm_start
 .text          0x000000000400e9ec      0x10c ../Software_LCD_Touch_bsp/\libhal_bsp.a(alt_close.o)
                0x000000000400ea28                close
 .text          0x000000000400eaf8       0x2c ../Software_LCD_Touch_bsp/\libhal_bsp.a(alt_dev.o)
 .text          0x000000000400eb24        0x0 ../Software_LCD_Touch_bsp/\libhal_bsp.a(alt_errno.o)
 .text          0x000000000400eb24       0xec ../Software_LCD_Touch_bsp/\libhal_bsp.a(alt_fstat.o)
                0x000000000400eb60                fstat
 .text          0x000000000400ec10      0x1b0 ../Software_LCD_Touch_bsp/\libhal_bsp.a(alt_iic.o)
                0x000000000400ec10                alt_ic_isr_register
                0x000000000400ec60                alt_ic_irq_enable
                0x000000000400ece8                alt_ic_irq_disable
                0x000000000400ed74                alt_ic_irq_enabled
 .text          0x000000000400edc0       0xf0 ../Software_LCD_Touch_bsp/\libhal_bsp.a(alt_iic_isr_register.o)
                0x000000000400edc0                alt_iic_isr_register
 .text          0x000000000400eeb0        0x0 ../Software_LCD_Touch_bsp/\libhal_bsp.a(alt_irq_entry.o)
 .text          0x000000000400eeb0        0x0 ../Software_LCD_Touch_bsp/\libhal_bsp.a(alt_irq_handler.o)
 .text          0x000000000400eeb0        0x0 ../Software_LCD_Touch_bsp/\libhal_bsp.a(alt_irq_vars.o)
 .text          0x000000000400eeb0       0xe0 ../Software_LCD_Touch_bsp/\libhal_bsp.a(alt_isatty.o)
                0x000000000400eeec                isatty
 .text          0x000000000400ef90       0xec ../Software_LCD_Touch_bsp/\libhal_bsp.a(alt_load.o)
                0x000000000400eff8                alt_load
 .text          0x000000000400f07c      0x110 ../Software_LCD_Touch_bsp/\libhal_bsp.a(alt_lseek.o)
                0x000000000400f0b8                lseek
 .text          0x000000000400f18c       0x7c ../Software_LCD_Touch_bsp/\libhal_bsp.a(alt_main.o)
                0x000000000400f18c                alt_main
 .text          0x000000000400f208       0x48 ../Software_LCD_Touch_bsp/\libhal_bsp.a(alt_malloc_lock.o)
                0x000000000400f208                __malloc_lock
                0x000000000400f22c                __malloc_unlock
 .text          0x000000000400f250      0x138 ../Software_LCD_Touch_bsp/\libhal_bsp.a(alt_read.o)
                0x000000000400f28c                read
 .text          0x000000000400f388       0x64 ../Software_LCD_Touch_bsp/\libhal_bsp.a(alt_release_fd.o)
                0x000000000400f388                alt_release_fd
 .text          0x000000000400f3ec       0xb0 ../Software_LCD_Touch_bsp/\libhal_bsp.a(alt_sbrk.o)
                0x000000000400f3ec                sbrk
 .text          0x000000000400f49c      0x1a4 ../Software_LCD_Touch_bsp/\libhal_bsp.a(alt_tick.o)
                0x000000000400f49c                alt_alarm_stop
                0x000000000400f538                alt_tick
 .text          0x000000000400f640       0x30 ../Software_LCD_Touch_bsp/\libhal_bsp.a(alt_usleep.o)
                0x000000000400f640                usleep
 .text          0x000000000400f670      0x134 ../Software_LCD_Touch_bsp/\libhal_bsp.a(alt_write.o)
                0x000000000400f6ac                write
 .text          0x000000000400f7a4       0xf0 ../Software_LCD_Touch_bsp/\libhal_bsp.a(alt_sys_init.o)
                0x000000000400f7d8                alt_irq_init
                0x000000000400f810                alt_sys_init
 .text          0x000000000400f894      0xb18 ../Software_LCD_Touch_bsp/\libhal_bsp.a(LT24_Controller.o)
                0x000000000400f894                Delay_Ms
                0x000000000400f8e4                LCD_SetCursor
                0x000000000400f99c                LCD_SetRect
                0x000000000400fabc                LCD_Clear
                0x000000000400fb48                LCD_DrawPoint
                0x000000000400fbb8                LCD_DrawRect
                0x000000000400fc9c                vid_set_pixel
                0x000000000400fd3c                LCD_Init
 .text          0x00000000040103ac      0x320 ../Software_LCD_Touch_bsp/\libhal_bsp.a(Pitch_dummy.o)
                0x00000000040103ac                set_glissando_delay
                0x00000000040103e4                set_glissando
                0x000000000401041c                set_calibration_pitch
                0x000000000401044c                done_calibration_pitch
                0x0000000004010478                read_freq_pitch
                0x00000000040104a0                read_delay_gli
                0x00000000040104c8                get_pixel_pitch_accuracy
 .text          0x00000000040106cc      0x10c ../Software_LCD_Touch_bsp/\libhal_bsp.a(Volume_dummy.o)
                0x00000000040106cc                set_calibration_vol
                0x00000000040106fc                done_calibration_vol
                0x0000000004010728                set_vol
                0x0000000004010760                read_freq_vol
                0x0000000004010788                read_cntrl_vol
                0x00000000040107b0                read_vol_gain
 .text          0x00000000040107d8      0x10c ../Software_LCD_Touch_bsp/\libhal_bsp.a(Volume_generation_top.o)
                0x00000000040107d8                set_calibration_vol_gen
                0x0000000004010808                done_calibration_vol_gen
                0x0000000004010834                set_vol_gen
                0x000000000401086c                read_freq_vol_gen
                0x0000000004010894                read_cntrl_vol_gen
                0x00000000040108bc                read_vol_gain_gen
 .text          0x00000000040108e4      0x164 ../Software_LCD_Touch_bsp/\libhal_bsp.a(altera_avalon_jtag_uart_fd.o)
                0x00000000040108e4                altera_avalon_jtag_uart_read_fd
                0x0000000004010944                altera_avalon_jtag_uart_write_fd
                0x00000000040109a4                altera_avalon_jtag_uart_close_fd
                0x00000000040109f4                altera_avalon_jtag_uart_ioctl_fd
 .text          0x0000000004010a48      0x3d4 ../Software_LCD_Touch_bsp/\libhal_bsp.a(altera_avalon_jtag_uart_init.o)
                0x0000000004010a48                altera_avalon_jtag_uart_init
                0x0000000004010db4                altera_avalon_jtag_uart_close
 .text          0x0000000004010e1c       0xf0 ../Software_LCD_Touch_bsp/\libhal_bsp.a(altera_avalon_jtag_uart_ioctl.o)
                0x0000000004010e1c                altera_avalon_jtag_uart_ioctl
 .text          0x0000000004010f0c      0x21c ../Software_LCD_Touch_bsp/\libhal_bsp.a(altera_avalon_jtag_uart_read.o)
                0x0000000004010f0c                altera_avalon_jtag_uart_read
 .text          0x0000000004011128      0x224 ../Software_LCD_Touch_bsp/\libhal_bsp.a(altera_avalon_jtag_uart_write.o)
                0x0000000004011128                altera_avalon_jtag_uart_write
 .text          0x000000000401134c      0x1fc ../Software_LCD_Touch_bsp/\libhal_bsp.a(altera_avalon_spi.o)
                0x000000000401134c                alt_avalon_spi_command
 .text          0x0000000004011548       0xf4 ../Software_LCD_Touch_bsp/\libhal_bsp.a(altera_avalon_timer_sc.o)
                0x00000000040115c0                alt_avalon_timer_sc_init
 .text          0x000000000401163c      0x6fc ../Software_LCD_Touch_bsp/\libhal_bsp.a(altera_up_avalon_audio_and_video_config.o)
                0x000000000401163c                alt_up_av_config_open_dev
                0x000000000401169c                alt_up_av_config_write_data
                0x0000000004011700                alt_up_av_config_read_data
                0x0000000004011780                alt_up_av_config_reset
                0x00000000040117b8                alt_up_av_config_enable_interrupt
                0x00000000040117f0                alt_up_av_config_disable_interrupt
                0x0000000004011824                alt_up_av_config_read_acknowledge
                0x000000000401187c                alt_up_av_config_read_ready
                0x00000000040118b4                alt_up_av_config_write_audio_cfg_register
                0x0000000004011958                alt_up_av_config_read_video_cfg_register
                0x0000000004011a40                alt_up_av_config_write_video_cfg_register
                0x0000000004011b28                alt_up_av_config_read_DC2_cfg_register
                0x0000000004011b80                alt_up_av_config_write_DC2_cfg_register
                0x0000000004011bd8                alt_up_av_config_read_D5M_cfg_register
                0x0000000004011c30                alt_up_av_config_write_D5M_cfg_register
                0x0000000004011c88                alt_up_av_config_read_LTM_cfg_register
                0x0000000004011ce0                alt_up_av_config_write_LTM_cfg_register
 .text          0x0000000004011d38      0x158 ../Software_LCD_Touch_bsp/\libhal_bsp.a(alt_busy_sleep.o)
                0x0000000004011d38                alt_busy_sleep
 .text          0x0000000004011e90       0x48 ../Software_LCD_Touch_bsp/\libhal_bsp.a(alt_dcache_flush_all.o)
                0x0000000004011e90                alt_dcache_flush_all
 .text          0x0000000004011ed8       0xe0 ../Software_LCD_Touch_bsp/\libhal_bsp.a(alt_dev_llist_insert.o)
                0x0000000004011f14                alt_dev_llist_insert
 .text          0x0000000004011fb8       0x60 ../Software_LCD_Touch_bsp/\libhal_bsp.a(alt_do_ctors.o)
                0x0000000004011fb8                _do_ctors
 .text          0x0000000004012018       0x60 ../Software_LCD_Touch_bsp/\libhal_bsp.a(alt_do_dtors.o)
                0x0000000004012018                _do_dtors
 .text          0x0000000004012078        0x0 ../Software_LCD_Touch_bsp/\libhal_bsp.a(alt_exception_entry.o)
 .text          0x0000000004012078       0x90 ../Software_LCD_Touch_bsp/\libhal_bsp.a(alt_find_dev.o)
                0x0000000004012078                alt_find_dev
 .text          0x0000000004012108       0x34 ../Software_LCD_Touch_bsp/\libhal_bsp.a(alt_icache_flush_all.o)
                0x0000000004012108                alt_icache_flush_all
 .text          0x000000000401213c       0x9c ../Software_LCD_Touch_bsp/\libhal_bsp.a(alt_instruction_exception_entry.o)
                0x000000000401213c                alt_exception_cause_generated_bad_addr
 .text          0x00000000040121d8      0x140 ../Software_LCD_Touch_bsp/\libhal_bsp.a(alt_io_redirect.o)
                0x000000000401229c                alt_io_redirect
 .text          0x0000000004012318      0x254 ../Software_LCD_Touch_bsp/\libhal_bsp.a(alt_open.o)
                0x0000000004012418                open
 .text          0x000000000401256c       0x24 ../Software_LCD_Touch_bsp/\libhal_bsp.a(altera_nios2_gen2_irq.o)
                0x000000000401256c                altera_nios2_gen2_irq_init
 .text          0x0000000004012590      0x108 ../Software_LCD_Touch_bsp/\libhal_bsp.a(alt_find_file.o)
                0x0000000004012590                alt_find_file
 .text          0x0000000004012698       0xa4 ../Software_LCD_Touch_bsp/\libhal_bsp.a(alt_get_fd.o)
                0x0000000004012698                alt_get_fd
 .text          0x000000000401273c       0x90 ../Software_LCD_Touch_bsp/\libhal_bsp.a(alt_icache_flush.o)
                0x000000000401273c                alt_icache_flush
 .text          0x00000000040127cc        0x0 c:/intelfpga/17.1/nios2eds/bin/gnu/h-x86_64-mingw32/bin/../lib/gcc/nios2-elf/5.3.0/../../../../../H-x86_64-mingw32/nios2-elf/lib\libc.a(lib_a-atexit.o)
 .text.atexit   0x00000000040127cc       0x14 c:/intelfpga/17.1/nios2eds/bin/gnu/h-x86_64-mingw32/bin/../lib/gcc/nios2-elf/5.3.0/../../../../../H-x86_64-mingw32/nios2-elf/lib\libc.a(lib_a-atexit.o)
                0x00000000040127cc                atexit
 .text          0x00000000040127e0        0x0 c:/intelfpga/17.1/nios2eds/bin/gnu/h-x86_64-mingw32/bin/../lib/gcc/nios2-elf/5.3.0/../../../../../H-x86_64-mingw32/nios2-elf/lib\libc.a(lib_a-exit.o)
 .text.exit     0x00000000040127e0       0x38 c:/intelfpga/17.1/nios2eds/bin/gnu/h-x86_64-mingw32/bin/../lib/gcc/nios2-elf/5.3.0/../../../../../H-x86_64-mingw32/nios2-elf/lib\libc.a(lib_a-exit.o)
                0x00000000040127e0                exit
 .text          0x0000000004012818        0x0 c:/intelfpga/17.1/nios2eds/bin/gnu/h-x86_64-mingw32/bin/../lib/gcc/nios2-elf/5.3.0/../../../../../H-x86_64-mingw32/nios2-elf/lib\libc.a(lib_a-memcmp.o)
 .text.memcmp   0x0000000004012818       0x7c c:/intelfpga/17.1/nios2eds/bin/gnu/h-x86_64-mingw32/bin/../lib/gcc/nios2-elf/5.3.0/../../../../../H-x86_64-mingw32/nios2-elf/lib\libc.a(lib_a-memcmp.o)
                0x0000000004012818                memcmp
 .text          0x0000000004012894        0x0 c:/intelfpga/17.1/nios2eds/bin/gnu/h-x86_64-mingw32/bin/../lib/gcc/nios2-elf/5.3.0/../../../../../H-x86_64-mingw32/nios2-elf/lib\libc.a(lib_a-__atexit.o)
 .text.__register_exitproc
                0x0000000004012894      0x118 c:/intelfpga/17.1/nios2eds/bin/gnu/h-x86_64-mingw32/bin/../lib/gcc/nios2-elf/5.3.0/../../../../../H-x86_64-mingw32/nios2-elf/lib\libc.a(lib_a-__atexit.o)
                0x0000000004012894                __register_exitproc
 .text          0x00000000040129ac        0x0 c:/intelfpga/17.1/nios2eds/bin/gnu/h-x86_64-mingw32/bin/../lib/gcc/nios2-elf/5.3.0/../../../../../H-x86_64-mingw32/nios2-elf/lib\libc.a(lib_a-__call_atexit.o)
 .text.__call_exitprocs
                0x00000000040129ac      0x180 c:/intelfpga/17.1/nios2eds/bin/gnu/h-x86_64-mingw32/bin/../lib/gcc/nios2-elf/5.3.0/../../../../../H-x86_64-mingw32/nios2-elf/lib\libc.a(lib_a-__call_atexit.o)
                0x00000000040129ac                __call_exitprocs
 .text          0x0000000004012b2c       0x34 ../Software_LCD_Touch_bsp/\libhal_bsp.a(alt_exit.o)
                0x0000000004012b2c                _exit
 *(.gnu.warning.*)
 *(.fini)
                [!provide]                        PROVIDE (__etext, ABSOLUTE (.))
                [!provide]                        PROVIDE (_etext, ABSOLUTE (.))
                [!provide]                        PROVIDE (etext, ABSOLUTE (.))
 *(.eh_frame_hdr)
                0x0000000004012b60                . = ALIGN (0x4)
                [!provide]                        PROVIDE (__preinit_array_start, ABSOLUTE (.))
 *(.preinit_array)
                [!provide]                        PROVIDE (__preinit_array_end, ABSOLUTE (.))
                [!provide]                        PROVIDE (__init_array_start, ABSOLUTE (.))
 *(.init_array)
                [!provide]                        PROVIDE (__init_array_end, ABSOLUTE (.))
                [!provide]                        PROVIDE (__fini_array_start, ABSOLUTE (.))
 *(.fini_array)
                [!provide]                        PROVIDE (__fini_array_end, ABSOLUTE (.))
 *(.eh_frame)
 *(.gcc_except_table .gcc_except_table.*)
 *(.dynamic)
                0x0000000004012b60                PROVIDE (__CTOR_LIST__, ABSOLUTE (.))
 *(.ctors)
 *(SORT(.ctors.*))
                0x0000000004012b60                PROVIDE (__CTOR_END__, ABSOLUTE (.))
                0x0000000004012b60                PROVIDE (__DTOR_LIST__, ABSOLUTE (.))
 *(.dtors)
 *(SORT(.dtors.*))
                0x0000000004012b60                PROVIDE (__DTOR_END__, ABSOLUTE (.))
 *(.jcr)
                0x0000000004012b60                . = ALIGN (0x4)

.rodata         0x0000000004012b60     0x2090
                0x0000000004012b60                PROVIDE (__ram_rodata_start, ABSOLUTE (.))
                0x0000000004012b60                . = ALIGN (0x4)
 *(.rodata .rodata.* .gnu.linkonce.r.*)
 .rodata        0x0000000004012b60       0x1e obj/default/audio/audio.o
 .rodata        0x0000000004012b7e     0x1698 obj/default/graphics/bahnschriftCondensed_22.o
                0x0000000004012b7e                arial_22ptBitmaps
                0x000000000401409a                arial_22ptDescriptors
 *fill*         0x0000000004014216        0x2 
 .rodata        0x0000000004014218      0x1b3 obj/default/graphics/gui.o
 *fill*         0x00000000040143cb        0x1 
 .rodata        0x00000000040143cc      0x113 obj/default/hello_world.o
 *fill*         0x00000000040144df        0x1 
 .rodata        0x00000000040144e0       0xaf obj/default/touch/touch_isr.o
 *fill*         0x000000000401458f        0x1 
 .rodata.str1.4
                0x0000000004014590        0x2 c:/intelfpga/17.1/nios2eds/bin/gnu/h-x86_64-mingw32/bin/../lib/gcc/nios2-elf/5.3.0/../../../../../H-x86_64-mingw32/nios2-elf/lib\libc.a(lib_a-puts.o)
 *fill*         0x0000000004014592        0x2 
 .rodata.str1.4
                0x0000000004014594       0x42 c:/intelfpga/17.1/nios2eds/bin/gnu/h-x86_64-mingw32/bin/../lib/gcc/nios2-elf/5.3.0/../../../../../H-x86_64-mingw32/nios2-elf/lib\libc.a(lib_a-vfprintf.o)
 .rodata.zeroes.4404
                0x00000000040145d6       0x10 c:/intelfpga/17.1/nios2eds/bin/gnu/h-x86_64-mingw32/bin/../lib/gcc/nios2-elf/5.3.0/../../../../../H-x86_64-mingw32/nios2-elf/lib\libc.a(lib_a-vfprintf.o)
 .rodata.blanks.4403
                0x00000000040145e6       0x10 c:/intelfpga/17.1/nios2eds/bin/gnu/h-x86_64-mingw32/bin/../lib/gcc/nios2-elf/5.3.0/../../../../../H-x86_64-mingw32/nios2-elf/lib\libc.a(lib_a-vfprintf.o)
 *fill*         0x00000000040145f6        0x2 
 .rodata.str1.4
                0x00000000040145f8       0x10 c:/intelfpga/17.1/nios2eds/bin/gnu/h-x86_64-mingw32/bin/../lib/gcc/nios2-elf/5.3.0/../../../../../H-x86_64-mingw32/nios2-elf/lib\libc.a(lib_a-dtoa.o)
                                         0x12 (size before relaxing)
 .rodata.str1.4
                0x0000000004014608        0x2 c:/intelfpga/17.1/nios2eds/bin/gnu/h-x86_64-mingw32/bin/../lib/gcc/nios2-elf/5.3.0/../../../../../H-x86_64-mingw32/nios2-elf/lib\libc.a(lib_a-impure.o)
 *fill*         0x000000000401460a        0x2 
 .rodata.str1.4
                0x000000000401460c        0xc c:/intelfpga/17.1/nios2eds/bin/gnu/h-x86_64-mingw32/bin/../lib/gcc/nios2-elf/5.3.0/../../../../../H-x86_64-mingw32/nios2-elf/lib\libc.a(lib_a-locale.o)
                                         0x12 (size before relaxing)
 .rodata.p05.2768
                0x0000000004014618        0xc c:/intelfpga/17.1/nios2eds/bin/gnu/h-x86_64-mingw32/bin/../lib/gcc/nios2-elf/5.3.0/../../../../../H-x86_64-mingw32/nios2-elf/lib\libc.a(lib_a-mprec.o)
 .rodata.__mprec_tinytens
                0x0000000004014624       0x28 c:/intelfpga/17.1/nios2eds/bin/gnu/h-x86_64-mingw32/bin/../lib/gcc/nios2-elf/5.3.0/../../../../../H-x86_64-mingw32/nios2-elf/lib\libc.a(lib_a-mprec.o)
                0x0000000004014624                __mprec_tinytens
 .rodata.__mprec_bigtens
                0x000000000401464c       0x28 c:/intelfpga/17.1/nios2eds/bin/gnu/h-x86_64-mingw32/bin/../lib/gcc/nios2-elf/5.3.0/../../../../../H-x86_64-mingw32/nios2-elf/lib\libc.a(lib_a-mprec.o)
                0x000000000401464c                __mprec_bigtens
 .rodata.__mprec_tens
                0x0000000004014674       0xc8 c:/intelfpga/17.1/nios2eds/bin/gnu/h-x86_64-mingw32/bin/../lib/gcc/nios2-elf/5.3.0/../../../../../H-x86_64-mingw32/nios2-elf/lib\libc.a(lib_a-mprec.o)
                0x0000000004014674                __mprec_tens
 .rodata.str1.4
                0x000000000401473c       0x2f c:/intelfpga/17.1/nios2eds/bin/gnu/h-x86_64-mingw32/bin/../lib/gcc/nios2-elf/5.3.0/../../../../../H-x86_64-mingw32/nios2-elf/lib\libc.a(lib_a-vfiprintf.o)
 .rodata.zeroes.4349
                0x000000000401473c       0x10 c:/intelfpga/17.1/nios2eds/bin/gnu/h-x86_64-mingw32/bin/../lib/gcc/nios2-elf/5.3.0/../../../../../H-x86_64-mingw32/nios2-elf/lib\libc.a(lib_a-vfiprintf.o)
 .rodata.blanks.4348
                0x000000000401474c       0x10 c:/intelfpga/17.1/nios2eds/bin/gnu/h-x86_64-mingw32/bin/../lib/gcc/nios2-elf/5.3.0/../../../../../H-x86_64-mingw32/nios2-elf/lib\libc.a(lib_a-vfiprintf.o)
 .rodata        0x000000000401475c      0x100 c:/intelfpga/17.1/nios2eds/bin/gnu/h-x86_64-mingw32/bin/../lib/gcc/nios2-elf/5.3.0\libgcc.a(_clz.o)
                0x000000000401475c                __clz_tab
 .rodata        0x000000000401485c        0xa ../Software_LCD_Touch_bsp/\libhal_bsp.a(alt_dev.o)
 *fill*         0x0000000004014866        0x2 
 .rodata        0x0000000004014868        0xf ../Software_LCD_Touch_bsp/\libhal_bsp.a(alt_main.o)
 *fill*         0x0000000004014877        0x1 
 .rodata        0x0000000004014878       0x2e ../Software_LCD_Touch_bsp/\libhal_bsp.a(alt_sys_init.o)
 *fill*         0x00000000040148a6        0x2 
 .rodata        0x00000000040148a8      0x348 ../Software_LCD_Touch_bsp/\libhal_bsp.a(Pitch_dummy.o)
 *(.rodata1)
                0x0000000004014bf0                . = ALIGN (0x4)
                0x0000000004014bf0                PROVIDE (__ram_rodata_end, ABSOLUTE (.))
                0x0000000004012b60                PROVIDE (__flash_rodata_start, LOADADDR (.rodata))

.rwdata         0x0000000004014bf0     0x1b20 load address 0x0000000004016710
                0x0000000004014bf0                PROVIDE (__ram_rwdata_start, ABSOLUTE (.))
                0x0000000004014bf0                . = ALIGN (0x4)
 *(.got.plt)
 *(.got)
 *(.data1)
 *(.data .data.* .gnu.linkonce.d.*)
 .data          0x0000000004014bf0        0x0 ../Software_LCD_Touch_bsp//obj/HAL/src/crt0.o
 .data          0x0000000004014bf0        0x0 obj/default/audio/audio.o
 .data          0x0000000004014bf0        0x0 obj/default/graphics/bahnschriftCondensed_22.o
 .data          0x0000000004014bf0        0x0 obj/default/graphics/gui.o
 .data          0x0000000004014bf0        0x0 obj/default/graphics/simple_text.o
 .data          0x0000000004014bf0        0x0 obj/default/hello_world.o
 .data          0x0000000004014bf0        0x0 obj/default/touch/touch_isr.o
 .data          0x0000000004014bf0        0x0 c:/intelfpga/17.1/nios2eds/bin/gnu/h-x86_64-mingw32/bin/../lib/gcc/nios2-elf/5.3.0/../../../../../H-x86_64-mingw32/nios2-elf/lib\libc.a(lib_a-memcpy.o)
 .data          0x0000000004014bf0        0x0 c:/intelfpga/17.1/nios2eds/bin/gnu/h-x86_64-mingw32/bin/../lib/gcc/nios2-elf/5.3.0/../../../../../H-x86_64-mingw32/nios2-elf/lib\libc.a(lib_a-printf.o)
 .data          0x0000000004014bf0        0x0 c:/intelfpga/17.1/nios2eds/bin/gnu/h-x86_64-mingw32/bin/../lib/gcc/nios2-elf/5.3.0/../../../../../H-x86_64-mingw32/nios2-elf/lib\libc.a(lib_a-puts.o)
 .data          0x0000000004014bf0        0x0 c:/intelfpga/17.1/nios2eds/bin/gnu/h-x86_64-mingw32/bin/../lib/gcc/nios2-elf/5.3.0/../../../../../H-x86_64-mingw32/nios2-elf/lib\libc.a(lib_a-strlen.o)
 .data          0x0000000004014bf0        0x0 c:/intelfpga/17.1/nios2eds/bin/gnu/h-x86_64-mingw32/bin/../lib/gcc/nios2-elf/5.3.0/../../../../../H-x86_64-mingw32/nios2-elf/lib\libc.a(lib_a-vfprintf.o)
 .data          0x0000000004014bf0        0x0 c:/intelfpga/17.1/nios2eds/bin/gnu/h-x86_64-mingw32/bin/../lib/gcc/nios2-elf/5.3.0/../../../../../H-x86_64-mingw32/nios2-elf/lib\libc.a(lib_a-wsetup.o)
 .data          0x0000000004014bf0        0x0 c:/intelfpga/17.1/nios2eds/bin/gnu/h-x86_64-mingw32/bin/../lib/gcc/nios2-elf/5.3.0/../../../../../H-x86_64-mingw32/nios2-elf/lib\libc.a(lib_a-dtoa.o)
 .data          0x0000000004014bf0        0x0 c:/intelfpga/17.1/nios2eds/bin/gnu/h-x86_64-mingw32/bin/../lib/gcc/nios2-elf/5.3.0/../../../../../H-x86_64-mingw32/nios2-elf/lib\libc.a(lib_a-fflush.o)
 .data          0x0000000004014bf0        0x0 c:/intelfpga/17.1/nios2eds/bin/gnu/h-x86_64-mingw32/bin/../lib/gcc/nios2-elf/5.3.0/../../../../../H-x86_64-mingw32/nios2-elf/lib\libc.a(lib_a-findfp.o)
 .data          0x0000000004014bf0        0x0 c:/intelfpga/17.1/nios2eds/bin/gnu/h-x86_64-mingw32/bin/../lib/gcc/nios2-elf/5.3.0/../../../../../H-x86_64-mingw32/nios2-elf/lib\libc.a(lib_a-freer.o)
 .data          0x0000000004014bf0        0x0 c:/intelfpga/17.1/nios2eds/bin/gnu/h-x86_64-mingw32/bin/../lib/gcc/nios2-elf/5.3.0/../../../../../H-x86_64-mingw32/nios2-elf/lib\libc.a(lib_a-fvwrite.o)
 .data          0x0000000004014bf0        0x0 c:/intelfpga/17.1/nios2eds/bin/gnu/h-x86_64-mingw32/bin/../lib/gcc/nios2-elf/5.3.0/../../../../../H-x86_64-mingw32/nios2-elf/lib\libc.a(lib_a-fwalk.o)
 .data          0x0000000004014bf0        0x0 c:/intelfpga/17.1/nios2eds/bin/gnu/h-x86_64-mingw32/bin/../lib/gcc/nios2-elf/5.3.0/../../../../../H-x86_64-mingw32/nios2-elf/lib\libc.a(lib_a-impure.o)
 .data.impure_data
                0x0000000004014bf0      0x424 c:/intelfpga/17.1/nios2eds/bin/gnu/h-x86_64-mingw32/bin/../lib/gcc/nios2-elf/5.3.0/../../../../../H-x86_64-mingw32/nios2-elf/lib\libc.a(lib_a-impure.o)
 .data          0x0000000004015014        0x0 c:/intelfpga/17.1/nios2eds/bin/gnu/h-x86_64-mingw32/bin/../lib/gcc/nios2-elf/5.3.0/../../../../../H-x86_64-mingw32/nios2-elf/lib\libc.a(lib_a-locale.o)
 .data.lc_message_charset
                0x0000000004015014       0x20 c:/intelfpga/17.1/nios2eds/bin/gnu/h-x86_64-mingw32/bin/../lib/gcc/nios2-elf/5.3.0/../../../../../H-x86_64-mingw32/nios2-elf/lib\libc.a(lib_a-locale.o)
 .data.lc_ctype_charset
                0x0000000004015034       0x20 c:/intelfpga/17.1/nios2eds/bin/gnu/h-x86_64-mingw32/bin/../lib/gcc/nios2-elf/5.3.0/../../../../../H-x86_64-mingw32/nios2-elf/lib\libc.a(lib_a-locale.o)
 .data.lconv    0x0000000004015054       0x38 c:/intelfpga/17.1/nios2eds/bin/gnu/h-x86_64-mingw32/bin/../lib/gcc/nios2-elf/5.3.0/../../../../../H-x86_64-mingw32/nios2-elf/lib\libc.a(lib_a-locale.o)
 .data          0x000000000401508c        0x0 c:/intelfpga/17.1/nios2eds/bin/gnu/h-x86_64-mingw32/bin/../lib/gcc/nios2-elf/5.3.0/../../../../../H-x86_64-mingw32/nios2-elf/lib\libc.a(lib_a-makebuf.o)
 .data          0x000000000401508c        0x0 c:/intelfpga/17.1/nios2eds/bin/gnu/h-x86_64-mingw32/bin/../lib/gcc/nios2-elf/5.3.0/../../../../../H-x86_64-mingw32/nios2-elf/lib\libc.a(lib_a-mallocr.o)
 .data.__malloc_av_
                0x000000000401508c      0x408 c:/intelfpga/17.1/nios2eds/bin/gnu/h-x86_64-mingw32/bin/../lib/gcc/nios2-elf/5.3.0/../../../../../H-x86_64-mingw32/nios2-elf/lib\libc.a(lib_a-mallocr.o)
                0x000000000401508c                __malloc_av_
 .data          0x0000000004015494        0x0 c:/intelfpga/17.1/nios2eds/bin/gnu/h-x86_64-mingw32/bin/../lib/gcc/nios2-elf/5.3.0/../../../../../H-x86_64-mingw32/nios2-elf/lib\libc.a(lib_a-memchr.o)
 .data          0x0000000004015494        0x0 c:/intelfpga/17.1/nios2eds/bin/gnu/h-x86_64-mingw32/bin/../lib/gcc/nios2-elf/5.3.0/../../../../../H-x86_64-mingw32/nios2-elf/lib\libc.a(lib_a-memmove.o)
 .data          0x0000000004015494        0x0 c:/intelfpga/17.1/nios2eds/bin/gnu/h-x86_64-mingw32/bin/../lib/gcc/nios2-elf/5.3.0/../../../../../H-x86_64-mingw32/nios2-elf/lib\libc.a(lib_a-memset.o)
 .data          0x0000000004015494        0x0 c:/intelfpga/17.1/nios2eds/bin/gnu/h-x86_64-mingw32/bin/../lib/gcc/nios2-elf/5.3.0/../../../../../H-x86_64-mingw32/nios2-elf/lib\libc.a(lib_a-mprec.o)
 .data          0x0000000004015494        0x0 c:/intelfpga/17.1/nios2eds/bin/gnu/h-x86_64-mingw32/bin/../lib/gcc/nios2-elf/5.3.0/../../../../../H-x86_64-mingw32/nios2-elf/lib\libc.a(lib_a-reallocr.o)
 .data          0x0000000004015494        0x0 c:/intelfpga/17.1/nios2eds/bin/gnu/h-x86_64-mingw32/bin/../lib/gcc/nios2-elf/5.3.0/../../../../../H-x86_64-mingw32/nios2-elf/lib\libc.a(lib_a-s_fpclassify.o)
 .data          0x0000000004015494        0x0 c:/intelfpga/17.1/nios2eds/bin/gnu/h-x86_64-mingw32/bin/../lib/gcc/nios2-elf/5.3.0/../../../../../H-x86_64-mingw32/nios2-elf/lib\libc.a(lib_a-sbrkr.o)
 .data          0x0000000004015494        0x0 c:/intelfpga/17.1/nios2eds/bin/gnu/h-x86_64-mingw32/bin/../lib/gcc/nios2-elf/5.3.0/../../../../../H-x86_64-mingw32/nios2-elf/lib\libc.a(lib_a-stdio.o)
 .data          0x0000000004015494        0x0 c:/intelfpga/17.1/nios2eds/bin/gnu/h-x86_64-mingw32/bin/../lib/gcc/nios2-elf/5.3.0/../../../../../H-x86_64-mingw32/nios2-elf/lib\libc.a(lib_a-strcmp.o)
 .data          0x0000000004015494        0x0 c:/intelfpga/17.1/nios2eds/bin/gnu/h-x86_64-mingw32/bin/../lib/gcc/nios2-elf/5.3.0/../../../../../H-x86_64-mingw32/nios2-elf/lib\libc.a(lib_a-vfiprintf.o)
 .data          0x0000000004015494        0x0 c:/intelfpga/17.1/nios2eds/bin/gnu/h-x86_64-mingw32/bin/../lib/gcc/nios2-elf/5.3.0/../../../../../H-x86_64-mingw32/nios2-elf/lib\libc.a(lib_a-writer.o)
 .data          0x0000000004015494        0x0 c:/intelfpga/17.1/nios2eds/bin/gnu/h-x86_64-mingw32/bin/../lib/gcc/nios2-elf/5.3.0/../../../../../H-x86_64-mingw32/nios2-elf/lib\libc.a(closer.o)
 .data          0x0000000004015494        0x0 c:/intelfpga/17.1/nios2eds/bin/gnu/h-x86_64-mingw32/bin/../lib/gcc/nios2-elf/5.3.0/../../../../../H-x86_64-mingw32/nios2-elf/lib\libc.a(lib_a-callocr.o)
 .data          0x0000000004015494        0x0 c:/intelfpga/17.1/nios2eds/bin/gnu/h-x86_64-mingw32/bin/../lib/gcc/nios2-elf/5.3.0/../../../../../H-x86_64-mingw32/nios2-elf/lib\libc.a(lib_a-fclose.o)
 .data          0x0000000004015494        0x0 c:/intelfpga/17.1/nios2eds/bin/gnu/h-x86_64-mingw32/bin/../lib/gcc/nios2-elf/5.3.0/../../../../../H-x86_64-mingw32/nios2-elf/lib\libc.a(lib_a-fputwc.o)
 .data          0x0000000004015494        0x0 c:/intelfpga/17.1/nios2eds/bin/gnu/h-x86_64-mingw32/bin/../lib/gcc/nios2-elf/5.3.0/../../../../../H-x86_64-mingw32/nios2-elf/lib\libc.a(lib_a-fstatr.o)
 .data          0x0000000004015494        0x0 c:/intelfpga/17.1/nios2eds/bin/gnu/h-x86_64-mingw32/bin/../lib/gcc/nios2-elf/5.3.0/../../../../../H-x86_64-mingw32/nios2-elf/lib\libc.a(lib_a-int_errno.o)
 .data          0x0000000004015494        0x0 c:/intelfpga/17.1/nios2eds/bin/gnu/h-x86_64-mingw32/bin/../lib/gcc/nios2-elf/5.3.0/../../../../../H-x86_64-mingw32/nios2-elf/lib\libc.a(lib_a-isattyr.o)
 .data          0x0000000004015494        0x0 c:/intelfpga/17.1/nios2eds/bin/gnu/h-x86_64-mingw32/bin/../lib/gcc/nios2-elf/5.3.0/../../../../../H-x86_64-mingw32/nios2-elf/lib\libc.a(lib_a-lseekr.o)
 .data          0x0000000004015494        0x0 c:/intelfpga/17.1/nios2eds/bin/gnu/h-x86_64-mingw32/bin/../lib/gcc/nios2-elf/5.3.0/../../../../../H-x86_64-mingw32/nios2-elf/lib\libc.a(lib_a-readr.o)
 .data          0x0000000004015494        0x0 c:/intelfpga/17.1/nios2eds/bin/gnu/h-x86_64-mingw32/bin/../lib/gcc/nios2-elf/5.3.0/../../../../../H-x86_64-mingw32/nios2-elf/lib\libc.a(lib_a-wbuf.o)
 .data          0x0000000004015494        0x0 c:/intelfpga/17.1/nios2eds/bin/gnu/h-x86_64-mingw32/bin/../lib/gcc/nios2-elf/5.3.0/../../../../../H-x86_64-mingw32/nios2-elf/lib\libc.a(lib_a-wcrtomb.o)
 .data          0x0000000004015494        0x0 c:/intelfpga/17.1/nios2eds/bin/gnu/h-x86_64-mingw32/bin/../lib/gcc/nios2-elf/5.3.0/../../../../../H-x86_64-mingw32/nios2-elf/lib\libc.a(lib_a-wctomb_r.o)
 .data          0x0000000004015494        0x0 c:/intelfpga/17.1/nios2eds/bin/gnu/h-x86_64-mingw32/bin/../lib/gcc/nios2-elf/5.3.0\libgcc.a(_udivdi3.o)
 .data          0x0000000004015494        0x0 c:/intelfpga/17.1/nios2eds/bin/gnu/h-x86_64-mingw32/bin/../lib/gcc/nios2-elf/5.3.0\libgcc.a(_umoddi3.o)
 .data          0x0000000004015494        0x0 c:/intelfpga/17.1/nios2eds/bin/gnu/h-x86_64-mingw32/bin/../lib/gcc/nios2-elf/5.3.0\libgcc.a(lib2-divmod.o)
 .data          0x0000000004015494        0x0 c:/intelfpga/17.1/nios2eds/bin/gnu/h-x86_64-mingw32/bin/../lib/gcc/nios2-elf/5.3.0\libgcc.a(adddf3.o)
 .data          0x0000000004015494        0x0 c:/intelfpga/17.1/nios2eds/bin/gnu/h-x86_64-mingw32/bin/../lib/gcc/nios2-elf/5.3.0\libgcc.a(divdf3.o)
 .data          0x0000000004015494        0x0 c:/intelfpga/17.1/nios2eds/bin/gnu/h-x86_64-mingw32/bin/../lib/gcc/nios2-elf/5.3.0\libgcc.a(eqdf2.o)
 .data          0x0000000004015494        0x0 c:/intelfpga/17.1/nios2eds/bin/gnu/h-x86_64-mingw32/bin/../lib/gcc/nios2-elf/5.3.0\libgcc.a(gedf2.o)
 .data          0x0000000004015494        0x0 c:/intelfpga/17.1/nios2eds/bin/gnu/h-x86_64-mingw32/bin/../lib/gcc/nios2-elf/5.3.0\libgcc.a(ledf2.o)
 .data          0x0000000004015494        0x0 c:/intelfpga/17.1/nios2eds/bin/gnu/h-x86_64-mingw32/bin/../lib/gcc/nios2-elf/5.3.0\libgcc.a(muldf3.o)
 .data          0x0000000004015494        0x0 c:/intelfpga/17.1/nios2eds/bin/gnu/h-x86_64-mingw32/bin/../lib/gcc/nios2-elf/5.3.0\libgcc.a(subdf3.o)
 .data          0x0000000004015494        0x0 c:/intelfpga/17.1/nios2eds/bin/gnu/h-x86_64-mingw32/bin/../lib/gcc/nios2-elf/5.3.0\libgcc.a(fixdfsi.o)
 .data          0x0000000004015494        0x0 c:/intelfpga/17.1/nios2eds/bin/gnu/h-x86_64-mingw32/bin/../lib/gcc/nios2-elf/5.3.0\libgcc.a(floatsidf.o)
 .data          0x0000000004015494        0x0 c:/intelfpga/17.1/nios2eds/bin/gnu/h-x86_64-mingw32/bin/../lib/gcc/nios2-elf/5.3.0\libgcc.a(floatunsidf.o)
 .data          0x0000000004015494        0x0 c:/intelfpga/17.1/nios2eds/bin/gnu/h-x86_64-mingw32/bin/../lib/gcc/nios2-elf/5.3.0\libgcc.a(_clz.o)
 .data          0x0000000004015494        0x0 c:/intelfpga/17.1/nios2eds/bin/gnu/h-x86_64-mingw32/bin/../lib/gcc/nios2-elf/5.3.0\libgcc.a(_clzsi2.o)
 .data          0x0000000004015494        0x0 ../Software_LCD_Touch_bsp/\libhal_bsp.a(alt_alarm_start.o)
 .data          0x0000000004015494        0x0 ../Software_LCD_Touch_bsp/\libhal_bsp.a(alt_close.o)
 .data          0x0000000004015494      0x1a8 ../Software_LCD_Touch_bsp/\libhal_bsp.a(alt_dev.o)
                0x0000000004015494                alt_dev_null
                0x00000000040154bc                alt_fd_list
 .data          0x000000000401563c        0x0 ../Software_LCD_Touch_bsp/\libhal_bsp.a(alt_errno.o)
 .data          0x000000000401563c        0x0 ../Software_LCD_Touch_bsp/\libhal_bsp.a(alt_fstat.o)
 .data          0x000000000401563c        0x0 ../Software_LCD_Touch_bsp/\libhal_bsp.a(alt_iic.o)
 .data          0x000000000401563c        0x0 ../Software_LCD_Touch_bsp/\libhal_bsp.a(alt_iic_isr_register.o)
 .data          0x000000000401563c        0x0 ../Software_LCD_Touch_bsp/\libhal_bsp.a(alt_irq_entry.o)
 .data          0x000000000401563c        0x0 ../Software_LCD_Touch_bsp/\libhal_bsp.a(alt_irq_handler.o)
 .data          0x000000000401563c        0x0 ../Software_LCD_Touch_bsp/\libhal_bsp.a(alt_irq_vars.o)
 .data          0x000000000401563c        0x0 ../Software_LCD_Touch_bsp/\libhal_bsp.a(alt_isatty.o)
 .data          0x000000000401563c        0x0 ../Software_LCD_Touch_bsp/\libhal_bsp.a(alt_load.o)
 .data          0x000000000401563c        0x0 ../Software_LCD_Touch_bsp/\libhal_bsp.a(alt_lseek.o)
 .data          0x000000000401563c        0x0 ../Software_LCD_Touch_bsp/\libhal_bsp.a(alt_main.o)
 .data          0x000000000401563c        0x0 ../Software_LCD_Touch_bsp/\libhal_bsp.a(alt_malloc_lock.o)
 .data          0x000000000401563c        0x0 ../Software_LCD_Touch_bsp/\libhal_bsp.a(alt_read.o)
 .data          0x000000000401563c        0x0 ../Software_LCD_Touch_bsp/\libhal_bsp.a(alt_release_fd.o)
 .data          0x000000000401563c        0x0 ../Software_LCD_Touch_bsp/\libhal_bsp.a(alt_sbrk.o)
 .data          0x000000000401563c        0x0 ../Software_LCD_Touch_bsp/\libhal_bsp.a(alt_tick.o)
 .data          0x000000000401563c        0x0 ../Software_LCD_Touch_bsp/\libhal_bsp.a(alt_usleep.o)
 .data          0x000000000401563c        0x0 ../Software_LCD_Touch_bsp/\libhal_bsp.a(alt_write.o)
 .data          0x000000000401563c     0x1090 ../Software_LCD_Touch_bsp/\libhal_bsp.a(alt_sys_init.o)
 .data          0x00000000040166cc        0x0 ../Software_LCD_Touch_bsp/\libhal_bsp.a(LT24_Controller.o)
 .data          0x00000000040166cc        0x0 ../Software_LCD_Touch_bsp/\libhal_bsp.a(Pitch_dummy.o)
 .data          0x00000000040166cc        0x0 ../Software_LCD_Touch_bsp/\libhal_bsp.a(Volume_dummy.o)
 .data          0x00000000040166cc        0x0 ../Software_LCD_Touch_bsp/\libhal_bsp.a(Volume_generation_top.o)
 .data          0x00000000040166cc        0x0 ../Software_LCD_Touch_bsp/\libhal_bsp.a(altera_avalon_jtag_uart_fd.o)
 .data          0x00000000040166cc        0x0 ../Software_LCD_Touch_bsp/\libhal_bsp.a(altera_avalon_jtag_uart_init.o)
 .data          0x00000000040166cc        0x0 ../Software_LCD_Touch_bsp/\libhal_bsp.a(altera_avalon_jtag_uart_ioctl.o)
 .data          0x00000000040166cc        0x0 ../Software_LCD_Touch_bsp/\libhal_bsp.a(altera_avalon_jtag_uart_read.o)
 .data          0x00000000040166cc        0x0 ../Software_LCD_Touch_bsp/\libhal_bsp.a(altera_avalon_jtag_uart_write.o)
 .data          0x00000000040166cc        0x0 ../Software_LCD_Touch_bsp/\libhal_bsp.a(altera_avalon_spi.o)
 .data          0x00000000040166cc        0x0 ../Software_LCD_Touch_bsp/\libhal_bsp.a(altera_avalon_timer_sc.o)
 .data          0x00000000040166cc        0x0 ../Software_LCD_Touch_bsp/\libhal_bsp.a(altera_up_avalon_audio_and_video_config.o)
 .data          0x00000000040166cc        0x0 ../Software_LCD_Touch_bsp/\libhal_bsp.a(alt_busy_sleep.o)
 .data          0x00000000040166cc        0x0 ../Software_LCD_Touch_bsp/\libhal_bsp.a(alt_dcache_flush_all.o)
 .data          0x00000000040166cc        0x0 ../Software_LCD_Touch_bsp/\libhal_bsp.a(alt_dev_llist_insert.o)
 .data          0x00000000040166cc        0x0 ../Software_LCD_Touch_bsp/\libhal_bsp.a(alt_do_ctors.o)
 .data          0x00000000040166cc        0x0 ../Software_LCD_Touch_bsp/\libhal_bsp.a(alt_do_dtors.o)
 .data          0x00000000040166cc        0x0 ../Software_LCD_Touch_bsp/\libhal_bsp.a(alt_exception_entry.o)
 .data          0x00000000040166cc        0x0 ../Software_LCD_Touch_bsp/\libhal_bsp.a(alt_find_dev.o)
 .data          0x00000000040166cc        0x0 ../Software_LCD_Touch_bsp/\libhal_bsp.a(alt_icache_flush_all.o)
 .data          0x00000000040166cc        0x0 ../Software_LCD_Touch_bsp/\libhal_bsp.a(alt_instruction_exception_entry.o)
 .data          0x00000000040166cc        0x0 ../Software_LCD_Touch_bsp/\libhal_bsp.a(alt_io_redirect.o)
 .data          0x00000000040166cc        0x0 ../Software_LCD_Touch_bsp/\libhal_bsp.a(alt_open.o)
 .data          0x00000000040166cc        0x0 ../Software_LCD_Touch_bsp/\libhal_bsp.a(altera_nios2_gen2_irq.o)
 .data          0x00000000040166cc        0x0 ../Software_LCD_Touch_bsp/\libhal_bsp.a(alt_find_file.o)
 .data          0x00000000040166cc        0x0 ../Software_LCD_Touch_bsp/\libhal_bsp.a(alt_get_fd.o)
 .data          0x00000000040166cc        0x0 ../Software_LCD_Touch_bsp/\libhal_bsp.a(alt_icache_flush.o)
 .data          0x00000000040166cc        0x0 c:/intelfpga/17.1/nios2eds/bin/gnu/h-x86_64-mingw32/bin/../lib/gcc/nios2-elf/5.3.0/../../../../../H-x86_64-mingw32/nios2-elf/lib\libc.a(lib_a-atexit.o)
 .data          0x00000000040166cc        0x0 c:/intelfpga/17.1/nios2eds/bin/gnu/h-x86_64-mingw32/bin/../lib/gcc/nios2-elf/5.3.0/../../../../../H-x86_64-mingw32/nios2-elf/lib\libc.a(lib_a-exit.o)
 .data          0x00000000040166cc        0x0 c:/intelfpga/17.1/nios2eds/bin/gnu/h-x86_64-mingw32/bin/../lib/gcc/nios2-elf/5.3.0/../../../../../H-x86_64-mingw32/nios2-elf/lib\libc.a(lib_a-memcmp.o)
 .data          0x00000000040166cc        0x0 c:/intelfpga/17.1/nios2eds/bin/gnu/h-x86_64-mingw32/bin/../lib/gcc/nios2-elf/5.3.0/../../../../../H-x86_64-mingw32/nios2-elf/lib\libc.a(lib_a-__atexit.o)
 .data          0x00000000040166cc        0x0 c:/intelfpga/17.1/nios2eds/bin/gnu/h-x86_64-mingw32/bin/../lib/gcc/nios2-elf/5.3.0/../../../../../H-x86_64-mingw32/nios2-elf/lib\libc.a(lib_a-__call_atexit.o)
 .data          0x00000000040166cc        0x0 ../Software_LCD_Touch_bsp/\libhal_bsp.a(alt_exit.o)
                0x000000000401e6cc                _gp = ABSOLUTE ((. + 0x8000))
                [!provide]                        PROVIDE (gp, _gp)
 *(.rwdata .rwdata.*)
 *(.sdata .sdata.* .gnu.linkonce.s.*)
 .sdata         0x00000000040166cc        0x3 obj/default/touch/touch_isr.o
                0x00000000040166cc                CommandGetX
                0x00000000040166cd                CommandGetY
                0x00000000040166ce                pen_IRS_enable
 *fill*         0x00000000040166cf        0x1 
 .sdata._global_impure_ptr
                0x00000000040166d0        0x4 c:/intelfpga/17.1/nios2eds/bin/gnu/h-x86_64-mingw32/bin/../lib/gcc/nios2-elf/5.3.0/../../../../../H-x86_64-mingw32/nios2-elf/lib\libc.a(lib_a-impure.o)
                0x00000000040166d0                _global_impure_ptr
 .sdata._impure_ptr
                0x00000000040166d4        0x4 c:/intelfpga/17.1/nios2eds/bin/gnu/h-x86_64-mingw32/bin/../lib/gcc/nios2-elf/5.3.0/../../../../../H-x86_64-mingw32/nios2-elf/lib\libc.a(lib_a-impure.o)
                0x00000000040166d4                _impure_ptr
 .sdata.__mb_cur_max
                0x00000000040166d8        0x4 c:/intelfpga/17.1/nios2eds/bin/gnu/h-x86_64-mingw32/bin/../lib/gcc/nios2-elf/5.3.0/../../../../../H-x86_64-mingw32/nios2-elf/lib\libc.a(lib_a-locale.o)
                0x00000000040166d8                __mb_cur_max
 .sdata.__malloc_sbrk_base
                0x00000000040166dc        0x4 c:/intelfpga/17.1/nios2eds/bin/gnu/h-x86_64-mingw32/bin/../lib/gcc/nios2-elf/5.3.0/../../../../../H-x86_64-mingw32/nios2-elf/lib\libc.a(lib_a-mallocr.o)
                0x00000000040166dc                __malloc_sbrk_base
 .sdata.__malloc_trim_threshold
                0x00000000040166e0        0x4 c:/intelfpga/17.1/nios2eds/bin/gnu/h-x86_64-mingw32/bin/../lib/gcc/nios2-elf/5.3.0/../../../../../H-x86_64-mingw32/nios2-elf/lib\libc.a(lib_a-mallocr.o)
                0x00000000040166e0                __malloc_trim_threshold
 .sdata.__wctomb
                0x00000000040166e4        0x4 c:/intelfpga/17.1/nios2eds/bin/gnu/h-x86_64-mingw32/bin/../lib/gcc/nios2-elf/5.3.0/../../../../../H-x86_64-mingw32/nios2-elf/lib\libc.a(lib_a-wctomb_r.o)
                0x00000000040166e4                __wctomb
 .sdata         0x00000000040166e8       0x14 ../Software_LCD_Touch_bsp/\libhal_bsp.a(alt_dev.o)
                0x00000000040166e8                alt_fs_list
                0x00000000040166f0                alt_dev_list
                0x00000000040166f8                alt_max_fd
 .sdata         0x00000000040166fc        0x4 ../Software_LCD_Touch_bsp/\libhal_bsp.a(alt_errno.o)
                0x00000000040166fc                alt_errno
 .sdata         0x0000000004016700        0x4 ../Software_LCD_Touch_bsp/\libhal_bsp.a(alt_irq_vars.o)
                0x0000000004016700                alt_priority_mask
 .sdata         0x0000000004016704        0x4 ../Software_LCD_Touch_bsp/\libhal_bsp.a(alt_sbrk.o)
 .sdata         0x0000000004016708        0x8 ../Software_LCD_Touch_bsp/\libhal_bsp.a(alt_tick.o)
                0x0000000004016708                alt_alarm_list
 *(.sdata2 .sdata2.* .gnu.linkonce.s2.*)
                0x0000000004016710                . = ALIGN (0x4)
                0x0000000004016710                _edata = ABSOLUTE (.)
                [!provide]                        PROVIDE (edata, ABSOLUTE (.))
                0x0000000004016710                PROVIDE (__ram_rwdata_end, ABSOLUTE (.))
                0x0000000004016710                PROVIDE (__flash_rwdata_start, LOADADDR (.rwdata))

.bss            0x0000000004018230      0x1a0
                0x0000000004018230                __bss_start = ABSOLUTE (.)
                [!provide]                        PROVIDE (__sbss_start, ABSOLUTE (.))
                [!provide]                        PROVIDE (___sbss_start, ABSOLUTE (.))
 *(.dynsbss)
 *(.sbss .sbss.* .gnu.linkonce.sb.*)
 .sbss          0x0000000004018230        0x4 obj/default/audio/audio.o
                0x0000000004018230                i2c_dev
 .sbss          0x0000000004018234        0x2 obj/default/graphics/gui.o
                0x0000000004018234                pixel_accuracy_old
 *fill*         0x0000000004018236        0x2 
 .sbss          0x0000000004018238        0x5 obj/default/hello_world.o
                0x0000000004018238                ton_delay
                0x000000000401823c                penta_on_off
 *fill*         0x000000000401823d        0x3 
 .sbss._PathLocale
                0x0000000004018240        0x4 c:/intelfpga/17.1/nios2eds/bin/gnu/h-x86_64-mingw32/bin/../lib/gcc/nios2-elf/5.3.0/../../../../../H-x86_64-mingw32/nios2-elf/lib\libc.a(lib_a-locale.o)
                0x0000000004018240                _PathLocale
 .sbss.__mlocale_changed
                0x0000000004018244        0x4 c:/intelfpga/17.1/nios2eds/bin/gnu/h-x86_64-mingw32/bin/../lib/gcc/nios2-elf/5.3.0/../../../../../H-x86_64-mingw32/nios2-elf/lib\libc.a(lib_a-locale.o)
                0x0000000004018244                __mlocale_changed
 .sbss.__nlocale_changed
                0x0000000004018248        0x4 c:/intelfpga/17.1/nios2eds/bin/gnu/h-x86_64-mingw32/bin/../lib/gcc/nios2-elf/5.3.0/../../../../../H-x86_64-mingw32/nios2-elf/lib\libc.a(lib_a-locale.o)
                0x0000000004018248                __nlocale_changed
 .sbss.__malloc_max_total_mem
                0x000000000401824c        0x4 c:/intelfpga/17.1/nios2eds/bin/gnu/h-x86_64-mingw32/bin/../lib/gcc/nios2-elf/5.3.0/../../../../../H-x86_64-mingw32/nios2-elf/lib\libc.a(lib_a-mallocr.o)
                0x000000000401824c                __malloc_max_total_mem
 .sbss.__malloc_max_sbrked_mem
                0x0000000004018250        0x4 c:/intelfpga/17.1/nios2eds/bin/gnu/h-x86_64-mingw32/bin/../lib/gcc/nios2-elf/5.3.0/../../../../../H-x86_64-mingw32/nios2-elf/lib\libc.a(lib_a-mallocr.o)
                0x0000000004018250                __malloc_max_sbrked_mem
 .sbss.__malloc_top_pad
                0x0000000004018254        0x4 c:/intelfpga/17.1/nios2eds/bin/gnu/h-x86_64-mingw32/bin/../lib/gcc/nios2-elf/5.3.0/../../../../../H-x86_64-mingw32/nios2-elf/lib\libc.a(lib_a-mallocr.o)
                0x0000000004018254                __malloc_top_pad
 .sbss          0x0000000004018258        0x4 c:/intelfpga/17.1/nios2eds/bin/gnu/h-x86_64-mingw32/bin/../lib/gcc/nios2-elf/5.3.0/../../../../../H-x86_64-mingw32/nios2-elf/lib\libc.a(lib_a-int_errno.o)
                0x0000000004018258                errno
 .sbss          0x000000000401825c        0x4 ../Software_LCD_Touch_bsp/\libhal_bsp.a(alt_irq_vars.o)
                0x000000000401825c                alt_irq_active
 .sbss          0x0000000004018260        0xc ../Software_LCD_Touch_bsp/\libhal_bsp.a(alt_main.o)
                0x0000000004018260                alt_argc
                0x0000000004018264                alt_argv
                0x0000000004018268                alt_envp
 .sbss          0x000000000401826c        0x8 ../Software_LCD_Touch_bsp/\libhal_bsp.a(alt_tick.o)
                0x000000000401826c                _alt_tick_rate
                0x0000000004018270                _alt_nticks
 .sbss          0x0000000004018274        0x4 ../Software_LCD_Touch_bsp/\libhal_bsp.a(alt_instruction_exception_entry.o)
                0x0000000004018274                alt_instruction_exception_handler
 *(.sbss2 .sbss2.* .gnu.linkonce.sb2.*)
 *(.scommon)
                [!provide]                        PROVIDE (__sbss_end, ABSOLUTE (.))
                [!provide]                        PROVIDE (___sbss_end, ABSOLUTE (.))
 *(.dynbss)
 *(.bss .bss.* .gnu.linkonce.b.*)
 .bss           0x0000000004018278        0x0 ../Software_LCD_Touch_bsp//obj/HAL/src/crt0.o
 .bss           0x0000000004018278        0x0 obj/default/audio/audio.o
 .bss           0x0000000004018278        0x0 obj/default/graphics/bahnschriftCondensed_22.o
 .bss           0x0000000004018278        0x0 obj/default/graphics/gui.o
 .bss           0x0000000004018278        0x0 obj/default/graphics/simple_text.o
 .bss           0x0000000004018278        0x0 obj/default/hello_world.o
 .bss           0x0000000004018278        0x0 obj/default/touch/touch_isr.o
 .bss           0x0000000004018278        0x0 c:/intelfpga/17.1/nios2eds/bin/gnu/h-x86_64-mingw32/bin/../lib/gcc/nios2-elf/5.3.0/../../../../../H-x86_64-mingw32/nios2-elf/lib\libc.a(lib_a-memcpy.o)
 .bss           0x0000000004018278        0x0 c:/intelfpga/17.1/nios2eds/bin/gnu/h-x86_64-mingw32/bin/../lib/gcc/nios2-elf/5.3.0/../../../../../H-x86_64-mingw32/nios2-elf/lib\libc.a(lib_a-printf.o)
 .bss           0x0000000004018278        0x0 c:/intelfpga/17.1/nios2eds/bin/gnu/h-x86_64-mingw32/bin/../lib/gcc/nios2-elf/5.3.0/../../../../../H-x86_64-mingw32/nios2-elf/lib\libc.a(lib_a-puts.o)
 .bss           0x0000000004018278        0x0 c:/intelfpga/17.1/nios2eds/bin/gnu/h-x86_64-mingw32/bin/../lib/gcc/nios2-elf/5.3.0/../../../../../H-x86_64-mingw32/nios2-elf/lib\libc.a(lib_a-strlen.o)
 .bss           0x0000000004018278        0x0 c:/intelfpga/17.1/nios2eds/bin/gnu/h-x86_64-mingw32/bin/../lib/gcc/nios2-elf/5.3.0/../../../../../H-x86_64-mingw32/nios2-elf/lib\libc.a(lib_a-vfprintf.o)
 .bss           0x0000000004018278        0x0 c:/intelfpga/17.1/nios2eds/bin/gnu/h-x86_64-mingw32/bin/../lib/gcc/nios2-elf/5.3.0/../../../../../H-x86_64-mingw32/nios2-elf/lib\libc.a(lib_a-wsetup.o)
 .bss           0x0000000004018278        0x0 c:/intelfpga/17.1/nios2eds/bin/gnu/h-x86_64-mingw32/bin/../lib/gcc/nios2-elf/5.3.0/../../../../../H-x86_64-mingw32/nios2-elf/lib\libc.a(lib_a-dtoa.o)